Archive member included because of file (symbol)

contiki-cc2538dk.a(er-coap-13.o)
                              obj_cc2538dk/block-transfer.o (coap_get_mid)
contiki-cc2538dk.a(er-coap-13-engi)
                              obj_cc2538dk/block-transfer.o (coap_blocking_request_callback)
contiki-cc2538dk.a(er-coap-13-tran)
                              contiki-cc2538dk.a(er-coap-13-engi) (coap_register_as_transaction_handler)
contiki-cc2538dk.a(er-coap-13-obse)
                              contiki-cc2538dk.a(er-coap-13-engi) (coap_notify_observers)
contiki-cc2538dk.a(er-coap-13-udp.)
                              contiki-cc2538dk.a(er-coap-13-engi) (coap_handle_receive)
contiki-cc2538dk.a(erbium.o)  contiki-cc2538dk.a(er-coap-13-engi) (rest_get_resources)
contiki-cc2538dk.a(contiki-main.o)
                              obj_cc2538dk/startup-gcc.o (main)
contiki-cc2538dk.a(sensors.o)
                              contiki-cc2538dk.a(contiki-main.o) (sensors_process)
contiki-cc2538dk.a(smartrf-sensors)
                              contiki-cc2538dk.a(sensors.o) (sensors)
contiki-cc2538dk.a(button-sensor.o)
                              contiki-cc2538dk.a(contiki-main.o) (button_sensor_init)
contiki-cc2538dk.a(adc-sensor.o)
                              contiki-cc2538dk.a(smartrf-sensors) (adc_sensor)
contiki-cc2538dk.a(clock.o)   contiki-cc2538dk.a(contiki-main.o) (clock_init)
contiki-cc2538dk.a(rtimer-arch.o)
                              contiki-cc2538dk.a(clock.o) (rtimer_arch_now)
contiki-cc2538dk.a(uart.o)    contiki-cc2538dk.a(contiki-main.o) (uart_set_input)
contiki-cc2538dk.a(watchdog.o)
                              contiki-cc2538dk.a(contiki-main.o) (watchdog_init)
contiki-cc2538dk.a(nvic.o)    contiki-cc2538dk.a(contiki-main.o) (nvic_init)
contiki-cc2538dk.a(cpu.o)     contiki-cc2538dk.a(contiki-main.o) (cpu_cpsie)
contiki-cc2538dk.a(sys-ctrl.o)
                              contiki-cc2538dk.a(contiki-main.o) (sys_ctrl_init)
contiki-cc2538dk.a(gpio.o)    contiki-cc2538dk.a(button-sensor.o) (gpio_register_callback)
contiki-cc2538dk.a(ioc.o)     contiki-cc2538dk.a(contiki-main.o) (ioc_init)
contiki-cc2538dk.a(spi.o)     obj_cc2538dk/enc28j60-arch-spi.o (spi_set_mode)
contiki-cc2538dk.a(adc.o)     contiki-cc2538dk.a(adc-sensor.o) (adc_init)
contiki-cc2538dk.a(cc2538-rf.o)
                              contiki-cc2538dk.a(contiki-main.o) (cc2538_rf_set_addr)
contiki-cc2538dk.a(udma.o)    contiki-cc2538dk.a(cc2538-rf.o) (udma_set_channel_src)
contiki-cc2538dk.a(lpm.o)     contiki-cc2538dk.a(uart.o) (lpm_register_peripheral)
contiki-cc2538dk.a(dbg.o)     cetic-6lbr.co (putchar)
contiki-cc2538dk.a(ieee-addr.o)
                              contiki-cc2538dk.a(contiki-main.o) (ieee_addr_cpy_to)
contiki-cc2538dk.a(dbg-printf.o)
                              cetic-6lbr.co (printf)
contiki-cc2538dk.a(dbg-snprintf.o)
                              obj_cc2538dk/webserver.o (vsnprintf)
contiki-cc2538dk.a(dbg-sprintf.o)
                              obj_cc2538dk/udp-server.o (sprintf)
contiki-cc2538dk.a(strformat.o)
                              contiki-cc2538dk.a(dbg-printf.o) (format_str_v)
contiki-cc2538dk.a(autostart.o)
                              contiki-cc2538dk.a(contiki-main.o) (autostart_start)
contiki-cc2538dk.a(ctimer.o)  contiki-cc2538dk.a(contiki-main.o) (ctimer_init)
contiki-cc2538dk.a(energest.o)
                              contiki-cc2538dk.a(contiki-main.o) (energest_init)
contiki-cc2538dk.a(etimer.o)  obj_cc2538dk/udp-client.o (etimer_expired)
contiki-cc2538dk.a(process.o)
                              cetic-6lbr.co (process_alloc_event)
contiki-cc2538dk.a(rtimer.o)  contiki-cc2538dk.a(rtimer-arch.o) (rtimer_run_next)
contiki-cc2538dk.a(stimer.o)  obj_cc2538dk/webserver.o (stimer_remaining)
contiki-cc2538dk.a(timer.o)   contiki-cc2538dk.a(etimer.o) (timer_reset)
contiki-cc2538dk.a(serial-line.o)
                              contiki-cc2538dk.a(contiki-main.o) (serial_line_init)
contiki-cc2538dk.a(list.o)    contiki-cc2538dk.a(erbium.o) (list_init)
contiki-cc2538dk.a(memb.o)    obj_cc2538dk/httpd-simple.o (memb_alloc)
contiki-cc2538dk.a(random.o)  contiki-cc2538dk.a(er-coap-13.o) (random_rand)
contiki-cc2538dk.a(ringbuf.o)
                              contiki-cc2538dk.a(serial-line.o) (ringbuf_init)
contiki-cc2538dk.a(linkaddr.o)
                              obj_cc2538dk/packet-filter.o (linkaddr_cmp)
contiki-cc2538dk.a(nbr-table.o)
                              obj_cc2538dk/webserver.o (nbr_table_next)
contiki-cc2538dk.a(netstack.o)
                              contiki-cc2538dk.a(contiki-main.o) (netstack_init)
contiki-cc2538dk.a(packetbuf.o)
                              contiki-cc2538dk.a(cc2538-rf.o) (packetbuf_set_datalen)
contiki-cc2538dk.a(queuebuf.o)
                              contiki-cc2538dk.a(contiki-main.o) (queuebuf_init)
contiki-cc2538dk.a(sicslowpan.o)
                              contiki-cc2538dk.a(contiki-main.o) (sicslowpan_driver)
[...]
Memory Configuration

Name             Origin             Length             Attributes
FLASH            0x00200000         0x0007ffd4         xr
FLASH_CCA        0x0027ffd4         0x0000002c         xr
SRAM             0x20000000         0x00008000         xrw
*default*        0x00000000         0xffffffff

Linker script and memory map

LOAD obj_cc2538dk/startup-gcc.o
LOAD cetic-6lbr.co
LOAD obj_cc2538dk/webserver.o
LOAD obj_cc2538dk/httpd-simple.o
LOAD obj_cc2538dk/udp-server.o
LOAD obj_cc2538dk/udp-client.o
LOAD obj_cc2538dk/node-info.o
LOAD obj_cc2538dk/coap-server.o
LOAD obj_cc2538dk/block-transfer.o
LOAD obj_cc2538dk/log-6lbr.o
LOAD obj_cc2538dk/rio.o
LOAD obj_cc2538dk/packet-filter.o
LOAD obj_cc2538dk/sicslow-ethernet.o
LOAD obj_cc2538dk/nvm-config.o
LOAD obj_cc2538dk/cc2538dk-init.o
LOAD obj_cc2538dk/cc2538dk-nvm.o
LOAD obj_cc2538dk/enc28j60.o
LOAD obj_cc2538dk/enc28j60-drv.o
LOAD obj_cc2538dk/enc28j60-arch-spi.o
LOAD contiki-cc2538dk.a
START GROUP
LOAD /home/user/CodeSourcery/Sourcery_G++_Lite/bin/../lib/gcc/arm-none-eabi/4.3.2/thumb2/libgcc.a
LOAD /home/user/CodeSourcery/Sourcery_G++_Lite/bin/../lib/gcc/arm-none-eabi/4.3.2/../../../../arm-none-eabi/lib/thumb2/libc.a
END GROUP

.text           0x00200000    0x14f2f
                0x00200000                _text = .
 *(SORT(.vectors))
 .vectors       0x00200000      0x28c obj_cc2538dk/startup-gcc.o
                0x00200000                vectors
 *(SORT(.text*))
 .text.default_handler
                0x0020028c        0x4 obj_cc2538dk/startup-gcc.o
                0x0020028c                default_handler
 .text.reset_handler
                0x00200290       0x50 obj_cc2538dk/startup-gcc.o
                0x00200290                reset_handler
 .text.nmi_handler
                0x002002e0        0x8 obj_cc2538dk/startup-gcc.o
                0x002002e0                nmi_handler
 .text.cetic_6lbr_init
                0x002002e8      0x264 cetic-6lbr.co
                0x002002e8                cetic_6lbr_init
 .text.process_thread_cetic_6lbr_process
                0x0020054c      0x154 cetic-6lbr.co
 .text.reset_buf
                0x002006a0        0xc obj_cc2538dk/webserver.o
 .text.process_thread_webserver_nogui_process
                0x002006ac       0x3c obj_cc2538dk/webserver.o
 .text.add      0x002006e8       0x30 obj_cc2538dk/webserver.o
 .text.add_div_home
                0x00200718       0x10 obj_cc2538dk/webserver.o
 .text.add_div_footer
                0x00200728       0x10 obj_cc2538dk/webserver.o
 .text.generate_404
                0x00200738       0xf8 obj_cc2538dk/webserver.o
 .text.generate_admin
                0x00200830      0x1b0 obj_cc2538dk/webserver.o
 .text.generate_statistics
                0x002009e0      0x164 obj_cc2538dk/webserver.o
 .text.ipaddr_add_u8
                0x00200b44       0x5c obj_cc2538dk/webserver.o
 .text.lladdr_add
                0x00200ba0       0x28 obj_cc2538dk/webserver.o
 .text.ipaddr_add
                0x00200bc8       0x5c obj_cc2538dk/webserver.o
 .text.generate_restart_page
                0x00200c24      0x1a0 obj_cc2538dk/webserver.o
 .text.generate_config
                0x00200dc4      0xa98 obj_cc2538dk/webserver.o
 .text.generate_sensors
                0x0020185c      0x4cc obj_cc2538dk/webserver.o
 .text.generate_network
                0x00201d28      0x5f8 obj_cc2538dk/webserver.o
 .text.generate_rpl
                0x00202320      0x56c obj_cc2538dk/webserver.o
 .text.generate_index
                0x0020288c      0x31c obj_cc2538dk/webserver.o
 .text.update_config
                0x00202ba8      0x6a4 obj_cc2538dk/webserver.o
                0x00202ba8                update_config
 .text.httpd_simple_get_script
                0x0020324c      0x244 obj_cc2538dk/webserver.o
                0x0020324c                httpd_simple_get_script
 .text.httpd_init
                0x00203490       0x18 obj_cc2538dk/httpd-simple.o
                0x00203490                httpd_init
 .text.send_headers
                0x002034a8       0x58 obj_cc2538dk/httpd-simple.o
 .text.handle_connection
                0x00203500      0x228 obj_cc2538dk/httpd-simple.o
 .text.httpd_appcall
                0x00203728       0xc0 obj_cc2538dk/httpd-simple.o
                0x00203728                httpd_appcall
 .text.process_thread_udp_server_process
                0x002037e8       0xe0 obj_cc2538dk/udp-server.o
 .text.add_ipaddr
                0x002038c8       0x70 obj_cc2538dk/udp-client.o
                0x002038c8                add_ipaddr
 .text.process_thread_udp_client_process
                0x00203938      0x190 obj_cc2538dk/udp-client.o
 .text.node_info_lookup
                0x00203ac8       0x28 obj_cc2538dk/node-info.o
                0x00203ac8                node_info_lookup
 .text.node_info_rm
                0x00203af0       0x10 obj_cc2538dk/node-info.o
                0x00203af0                node_info_rm
 .text.node_info_node_seen
                0x00203b00       0x14 obj_cc2538dk/node-info.o
                0x00203b00                node_info_node_seen
 .text.node_info_add
                0x00203b14       0x48 obj_cc2538dk/node-info.o
                0x00203b14                node_info_add
 .text.node_info_update
                0x00203b5c       0x94 obj_cc2538dk/node-info.o
                0x00203b5c                node_info_update
 .text.node_info_route_notification_cb
                0x00203bf0       0x30 obj_cc2538dk/node-info.o
                0x00203bf0                node_info_route_notification_cb
 .text.node_info_init
                0x00203c20       0x24 obj_cc2538dk/node-info.o
                0x00203c20                node_info_init
 .text.process_thread_coap_server_process
                0x00203c44       0x18 obj_cc2538dk/coap-server.o
 .text.log6lbr_ethaddr_print
                0x00203c5c       0x20 obj_cc2538dk/log-6lbr.o
                0x00203c5c                log6lbr_ethaddr_print
 .text.uip_ds6_route_info_add
                0x00203c7c       0x68 obj_cc2538dk/rio.o
                0x00203c7c                uip_ds6_route_info_add
 .text.packet_filter_init
                0x00203ce4       0x30 obj_cc2538dk/packet-filter.o
                0x00203ce4                packet_filter_init
 .text.send_to_uip
                0x00203d14       0x28 obj_cc2538dk/packet-filter.o
 .text.wireless_input
                0x00203d3c       0x40 obj_cc2538dk/packet-filter.o
 .text.wireless_output
                0x00203d7c       0x84 obj_cc2538dk/packet-filter.o
                0x00203d7c                wireless_output
 .text.bridge_output
                0x00203e00      0x188 obj_cc2538dk/packet-filter.o
 .text.eth_input
                0x00203f88       0xf4 obj_cc2538dk/packet-filter.o
                0x00203f88                eth_input
 .text.slide    0x0020407c       0x34 obj_cc2538dk/sicslow-ethernet.o
                0x0020407c                slide
 .text.mac_createDefaultEthernetAddr
                0x002040b0       0x14 obj_cc2538dk/sicslow-ethernet.o
                0x002040b0                mac_createDefaultEthernetAddr
 .text.mac_createSicslowpanLongAddr
                0x002040c4       0x84 obj_cc2538dk/sicslow-ethernet.o
                0x002040c4                mac_createSicslowpanLongAddr
 .text.mac_createEthernetAddr
                0x00204148      0x118 obj_cc2538dk/sicslow-ethernet.o
                0x00204148                mac_createEthernetAddr
 .text.mac_translateIcmpLinkLayer
                0x00204260      0x17c obj_cc2538dk/sicslow-ethernet.o
                0x00204260                mac_translateIcmpLinkLayer
 .text.mac_translateIPLinkLayer
                0x002043dc       0x1c obj_cc2538dk/sicslow-ethernet.o
                0x002043dc                mac_translateIPLinkLayer
 .text.store_nvm_config
                0x002043f8        0x8 obj_cc2538dk/nvm-config.o
                0x002043f8                store_nvm_config
 .text.check_nvm
                0x00204400      0x204 obj_cc2538dk/nvm-config.o
                0x00204400                check_nvm
 .text.load_nvm_config
                0x00204604       0x40 obj_cc2538dk/nvm-config.o
                0x00204604                load_nvm_config
 .text.platform_init
                0x00204644       0x5c obj_cc2538dk/cc2538dk-init.o
                0x00204644                platform_init
 .text.nvm_data_write
                0x002046a0       0xa0 obj_cc2538dk/cc2538dk-nvm.o
                0x002046a0                nvm_data_write
 .text.nvm_data_read
                0x00204740       0x2c obj_cc2538dk/cc2538dk-nvm.o
                0x00204740                nvm_data_read
 .text.write_op
                0x0020476c       0x24 obj_cc2538dk/enc28j60.o
 .text.setregbank
                0x00204790       0x2c obj_cc2538dk/enc28j60.o
 .text.writereg
                0x002047bc       0x28 obj_cc2538dk/enc28j60.o
 .text.writedata
                0x002047e4       0x40 obj_cc2538dk/enc28j60.o
 .text.readreg  0x00204824       0x24 obj_cc2538dk/enc28j60.o
 .text.writephy
                0x00204848       0x34 obj_cc2538dk/enc28j60.o
 .text.reset    0x0020487c      0x144 obj_cc2538dk/enc28j60.o
 .text.process_thread_enc_watchdog_process
                0x002049c0       0x64 obj_cc2538dk/enc28j60.o
 .text.readdatabyte
                0x00204a24       0x1c obj_cc2538dk/enc28j60.o
 .text.enc28j60_read
                0x00204a40       0xdc obj_cc2538dk/enc28j60.o
                0x00204a40                enc28j60_read
 .text.enc28j60_send
                0x00204b1c       0xdc obj_cc2538dk/enc28j60.o
                0x00204b1c                enc28j60_send
 .text.enc28j60_init
                0x00204bf8       0x30 obj_cc2538dk/enc28j60.o
                0x00204bf8                enc28j60_init
 .text.eth_drv_init
                0x00204c28       0x24 obj_cc2538dk/enc28j60-drv.o
                0x00204c28                eth_drv_init
 .text.eth_drv_input
                0x00204c4c        0x8 obj_cc2538dk/enc28j60-drv.o
                0x00204c4c                eth_drv_input
 .text.enc28j60_pollhandler
                0x00204c54       0x24 obj_cc2538dk/enc28j60-drv.o
                0x00204c54                enc28j60_pollhandler
 .text.process_thread_eth_drv_process
                0x00204c78       0x60 obj_cc2538dk/enc28j60-drv.o
 .text.eth_drv_send
                0x00204cd8       0x1c obj_cc2538dk/enc28j60-drv.o
                0x00204cd8                eth_drv_send
 .text.enc28j60_arch_spi_select
                0x00204cf4        0xc obj_cc2538dk/enc28j60-arch-spi.o
                0x00204cf4                enc28j60_arch_spi_select
 .text.enc28j60_arch_spi_deselect
                0x00204d00        0xc obj_cc2538dk/enc28j60-arch-spi.o
                0x00204d00                enc28j60_arch_spi_deselect
 .text.enc28j60_arch_spi_write
                0x00204d0c       0x30 obj_cc2538dk/enc28j60-arch-spi.o
                0x00204d0c                enc28j60_arch_spi_write
 .text.enc28j60_arch_spi_read
                0x00204d3c       0x34 obj_cc2538dk/enc28j60-arch-spi.o
                0x00204d3c                enc28j60_arch_spi_read
 .text.enc28j60_arch_spi_init
                0x00204d70       0x1c obj_cc2538dk/enc28j60-arch-spi.o
                0x00204d70                enc28j60_arch_spi_init
 .text.coap_log_2
                0x00204d8c       0x18 contiki-cc2538dk.a(er-coap-13.o)
 .text.coap_parse_int_option
                0x00204da4       0x18 contiki-cc2538dk.a(er-coap-13.o)
 .text.coap_option_nibble
                0x00204dbc       0x14 contiki-cc2538dk.a(er-coap-13.o)
 .text.coap_set_option_header
                0x00204dd0       0x54 contiki-cc2538dk.a(er-coap-13.o)
 .text.coap_serialize_int_option
                0x00204e24       0x60 contiki-cc2538dk.a(er-coap-13.o)
 .text.coap_get_mid
                0x00204e84       0x10 contiki-cc2538dk.a(er-coap-13.o)
                0x00204e84                coap_get_mid
 .text.coap_set_status_code
                0x00204e94       0x10 contiki-cc2538dk.a(er-coap-13.o)
                0x00204e94                coap_set_status_code
 .text.coap_get_header_content_type
                0x00204ea4       0x10 contiki-cc2538dk.a(er-coap-13.o)
                0x00204ea4                coap_get_header_content_type
 .text.coap_set_header_content_type
                0x00204eb4       0x10 contiki-cc2538dk.a(er-coap-13.o)
                0x00204eb4                coap_set_header_content_type
 .text.coap_get_header_accept
                0x00204ec4       0x18 contiki-cc2538dk.a(er-coap-13.o)
                0x00204ec4                coap_get_header_accept
 .text.coap_get_header_max_age
                0x00204edc       0x14 contiki-cc2538dk.a(er-coap-13.o)
                0x00204edc                coap_get_header_max_age
 .text.coap_set_header_max_age
                0x00204ef0       0x10 contiki-cc2538dk.a(er-coap-13.o)
                0x00204ef0                coap_set_header_max_age
 .text.coap_get_header_if_match
                0x00204f00       0x18 contiki-cc2538dk.a(er-coap-13.o)
                0x00204f00                coap_get_header_if_match
 .text.coap_get_header_if_none_match
                0x00204f18        0x8 contiki-cc2538dk.a(er-coap-13.o)
                0x00204f18                coap_get_header_if_none_match
 .text.coap_get_header_uri_host
                0x00204f20       0x14 contiki-cc2538dk.a(er-coap-13.o)
                0x00204f20                coap_get_header_uri_host
 .text.coap_get_header_uri_path
                0x00204f34       0x14 contiki-cc2538dk.a(er-coap-13.o)
                0x00204f34                coap_get_header_uri_path
 .text.coap_get_header_uri_query
                0x00204f48       0x18 contiki-cc2538dk.a(er-coap-13.o)
                0x00204f48                coap_get_header_uri_query
 .text.coap_set_header_observe
                0x00204f60       0x10 contiki-cc2538dk.a(er-coap-13.o)
                0x00204f60                coap_set_header_observe
 .text.coap_get_header_block2
                0x00204f70       0x34 contiki-cc2538dk.a(er-coap-13.o)
                0x00204f70                coap_get_header_block2
 .text.coap_set_header_block2
                0x00204fa4       0x38 contiki-cc2538dk.a(er-coap-13.o)
                0x00204fa4                coap_set_header_block2
 .text.coap_get_header_size
                0x00204fdc       0x14 contiki-cc2538dk.a(er-coap-13.o)
                0x00204fdc                coap_get_header_size
 .text.coap_set_header_size
                0x00204ff0       0x10 contiki-cc2538dk.a(er-coap-13.o)
                0x00204ff0                coap_set_header_size
 .text.coap_get_payload
                0x00205000       0x14 contiki-cc2538dk.a(er-coap-13.o)
                0x00205000                coap_get_payload
 .text.coap_set_payload
                0x00205014       0x14 contiki-cc2538dk.a(er-coap-13.o)
                0x00205014                coap_set_payload
 .text.coap_set_header_location_query
                0x00205028       0x24 contiki-cc2538dk.a(er-coap-13.o)
                0x00205028                coap_set_header_location_query
 .text.coap_set_header_uri_path
                0x0020504c       0x24 contiki-cc2538dk.a(er-coap-13.o)
                0x0020504c                coap_set_header_uri_path
 .text.coap_set_header_location_path
                0x00205070       0x40 contiki-cc2538dk.a(er-coap-13.o)
                0x00205070                coap_set_header_location_path
 .text.coap_set_header_token
                0x002050b0       0x20 contiki-cc2538dk.a(er-coap-13.o)
                0x002050b0                coap_set_header_token
 .text.coap_set_header_etag
                0x002050d0       0x24 contiki-cc2538dk.a(er-coap-13.o)
                0x002050d0                coap_set_header_etag
 .text.coap_serialize_array_option
                0x002050f4       0x80 contiki-cc2538dk.a(er-coap-13.o)
 .text.coap_get_variable
                0x00205174       0x70 contiki-cc2538dk.a(er-coap-13.o)
 .text.coap_get_post_variable
                0x002051e4       0x1c contiki-cc2538dk.a(er-coap-13.o)
                0x002051e4                coap_get_post_variable
 .text.coap_get_query_variable
                0x00205200       0x28 contiki-cc2538dk.a(er-coap-13.o)
                0x00205200                coap_get_query_variable
 .text.coap_init_message
                0x00205228       0x20 contiki-cc2538dk.a(er-coap-13.o)
                0x00205228                coap_init_message
 .text.coap_merge_multi_option
                0x00205248       0x38 contiki-cc2538dk.a(er-coap-13.o)
 .text.coap_parse_message
                0x00205280      0x310 contiki-cc2538dk.a(er-coap-13.o)
                0x00205280                coap_parse_message
 .text.coap_serialize_message
                0x00205590      0x2ec contiki-cc2538dk.a(er-coap-13.o)
                0x00205590                coap_serialize_message
 .text.coap_init_connection
                0x0020587c       0x14 contiki-cc2538dk.a(er-coap-13.o)
                0x0020587c                coap_init_connection
 .text.coap_set_service_callback
                0x00205890        0xc contiki-cc2538dk.a(er-coap-13-engi)
                0x00205890                coap_set_service_callback
 .text.coap_get_rest_method
                0x0020589c        0xc contiki-cc2538dk.a(er-coap-13-engi)
                0x0020589c                coap_get_rest_method
 .text.process_thread_coap_receiver
                0x002058a8       0x58 contiki-cc2538dk.a(er-coap-13-engi)
 .text.well_known_core_handler
                0x00205900      0x284 contiki-cc2538dk.a(er-coap-13-engi)
                0x00205900                well_known_core_handler
 .text.coap_receiver_init
                0x00205b84       0x10 contiki-cc2538dk.a(er-coap-13-engi)
                0x00205b84                coap_receiver_init
 .text.coap_receive
                0x00205b94      0x33c contiki-cc2538dk.a(er-coap-13-engi)
                0x00205b94                coap_receive
 .text.coap_register_as_transaction_handler
                0x00205ed0       0x14 contiki-cc2538dk.a(er-coap-13-tran)
                0x00205ed0                coap_register_as_transaction_handler
 .text.coap_get_transaction_by_mid
                0x00205ee4       0x20 contiki-cc2538dk.a(er-coap-13-tran)
                0x00205ee4                coap_get_transaction_by_mid
 .text.coap_clear_transaction
                0x00205f04       0x28 contiki-cc2538dk.a(er-coap-13-tran)
                0x00205f04                coap_clear_transaction
 .text.coap_send_transaction
                0x00205f2c       0x90 contiki-cc2538dk.a(er-coap-13-tran)
                0x00205f2c                coap_send_transaction
 .text.coap_check_transactions
                0x00205fbc       0x30 contiki-cc2538dk.a(er-coap-13-tran)
                0x00205fbc                coap_check_transactions
 .text.coap_new_transaction
                0x00205fec       0x44 contiki-cc2538dk.a(er-coap-13-tran)
                0x00205fec                coap_new_transaction
 .text.coap_notify_observers
                0x00206030       0x94 contiki-cc2538dk.a(er-coap-13-obse)
                0x00206030                coap_notify_observers
 .text.coap_remove_observer
                0x002060c4       0x20 contiki-cc2538dk.a(er-coap-13-obse)
                0x002060c4                coap_remove_observer
 .text.coap_remove_observer_by_mid
                0x002060e4       0x48 contiki-cc2538dk.a(er-coap-13-obse)
                0x002060e4                coap_remove_observer_by_mid
 .text.coap_remove_observer_by_url
                0x0020612c       0x60 contiki-cc2538dk.a(er-coap-13-obse)
                0x0020612c                coap_remove_observer_by_url
 .text.coap_remove_observer_by_client
                0x0020618c       0x40 contiki-cc2538dk.a(er-coap-13-obse)
                0x0020618c                coap_remove_observer_by_client
 .text.coap_add_observer
                0x002061cc       0x64 contiki-cc2538dk.a(er-coap-13-obse)
                0x002061cc                coap_add_observer
 .text.coap_observe_handler
                0x00206230       0x94 contiki-cc2538dk.a(er-coap-13-obse)
                0x00206230                coap_observe_handler
 .text.coap_handle_receive
                0x002062c4       0x10 contiki-cc2538dk.a(er-coap-13-udp.)
                0x002062c4                coap_handle_receive
 .text.coap_send_message
                0x002062d4       0x40 contiki-cc2538dk.a(er-coap-13-udp.)
                0x002062d4                coap_send_message
 .text.coap_init_communication_layer
                0x00206314       0x1c contiki-cc2538dk.a(er-coap-13-udp.)
                0x00206314                coap_init_communication_layer
 .text.rest_get_resources
                0x00206330        0x8 contiki-cc2538dk.a(erbium.o)
                0x00206330                rest_get_resources
 .text.rest_set_pre_handler
                0x00206338        0x4 contiki-cc2538dk.a(erbium.o)
                0x00206338                rest_set_pre_handler
 .text.rest_set_post_handler
                0x0020633c        0x4 contiki-cc2538dk.a(erbium.o)
                0x0020633c                rest_set_post_handler
 .text.process_thread_rest_manager_process
                0x00206340       0x94 contiki-cc2538dk.a(erbium.o)
 .text.rest_invoke_restful_service
                0x002063d4       0xe0 contiki-cc2538dk.a(erbium.o)
                0x002063d4                rest_invoke_restful_service
 .text.rest_activate_resource
                0x002064b4       0x30 contiki-cc2538dk.a(erbium.o)
                0x002064b4                rest_activate_resource
 .text.rest_init_engine
                0x002064e4       0x30 contiki-cc2538dk.a(erbium.o)
                0x002064e4                rest_init_engine
 .text.fade     0x00206514       0x54 contiki-cc2538dk.a(contiki-main.o)
 .text.main     0x00206568      0x194 contiki-cc2538dk.a(contiki-main.o)
                0x00206568                main
 .text.get_sensor_index
                0x002066fc       0x24 contiki-cc2538dk.a(sensors.o)
 .text.process_thread_sensors_process
                0x00206720       0xdc contiki-cc2538dk.a(sensors.o)
 .text.sensors_changed
                0x002067fc       0x24 contiki-cc2538dk.a(sensors.o)
                0x002067fc                sensors_changed
 .text.config   0x00206820       0x48 contiki-cc2538dk.a(button-sensor.o)
 .text.config_down
                0x00206868       0x30 contiki-cc2538dk.a(button-sensor.o)
 .text.config_up
                0x00206898       0x30 contiki-cc2538dk.a(button-sensor.o)
 .text.config_right
                0x002068c8       0x30 contiki-cc2538dk.a(button-sensor.o)
 .text.config_left
                0x002068f8       0x30 contiki-cc2538dk.a(button-sensor.o)
 .text.config_select
                0x00206928       0x30 contiki-cc2538dk.a(button-sensor.o)
 .text.button_sensor_init
                0x00206958       0x10 contiki-cc2538dk.a(button-sensor.o)
                0x00206958                button_sensor_init
 .text.btn_callback
                0x00206968       0x5c contiki-cc2538dk.a(button-sensor.o)
 .text.status   0x002069c4        0x4 contiki-cc2538dk.a(adc-sensor.o)
 .text.configure
                0x002069c8       0x58 contiki-cc2538dk.a(adc-sensor.o)
 .text.value    0x00206a20       0x48 contiki-cc2538dk.a(adc-sensor.o)
 .text.clock_init
                0x00206a68       0x50 contiki-cc2538dk.a(clock.o)
                0x00206a68                clock_init
 .text.clock_time
                0x00206ab8       0x14 contiki-cc2538dk.a(clock.o)
                0x00206ab8                clock_time
 .text.clock_seconds
                0x00206acc       0x14 contiki-cc2538dk.a(clock.o)
                0x00206acc                clock_seconds
 .text.clock_delay_usec
                0x00206ae0       0x24 contiki-cc2538dk.a(clock.o)
                0x00206ae0                clock_delay_usec
 .text.clock_delay
                0x00206b04        0xc contiki-cc2538dk.a(clock.o)
                0x00206b04                clock_delay
 .text.update_ticks
                0x00206b10       0x4c contiki-cc2538dk.a(clock.o)
 .text.clock_isr
                0x00206b5c        0x8 contiki-cc2538dk.a(clock.o)
                0x00206b5c                clock_isr
 .text.clock_adjust
                0x00206b64       0x20 contiki-cc2538dk.a(clock.o)
                0x00206b64                clock_adjust
 .text.rtimer_arch_init
                0x00206b84        0x4 contiki-cc2538dk.a(rtimer-arch.o)
                0x00206b84                rtimer_arch_init
 .text.rtimer_arch_next_trigger
                0x00206b88        0xc contiki-cc2538dk.a(rtimer-arch.o)
                0x00206b88                rtimer_arch_next_trigger
 .text.rtimer_arch_now
                0x00206b94       0x24 contiki-cc2538dk.a(rtimer-arch.o)
                0x00206b94                rtimer_arch_now
 .text.rtimer_isr
                0x00206bb8       0x24 contiki-cc2538dk.a(rtimer-arch.o)
                0x00206bb8                rtimer_isr
 .text.rtimer_arch_schedule
                0x00206bdc       0x58 contiki-cc2538dk.a(rtimer-arch.o)
                0x00206bdc                rtimer_arch_schedule
 .text.permit_pm1
                0x00206c34       0x34 contiki-cc2538dk.a(uart.o)
 .text.uart_set_input
                0x00206c68       0x10 contiki-cc2538dk.a(uart.o)
                0x00206c68                uart_set_input
 .text.uart_write_byte
                0x00206c78       0x24 contiki-cc2538dk.a(uart.o)
                0x00206c78                uart_write_byte
 .text.uart_isr
                0x00206c9c       0x7c contiki-cc2538dk.a(uart.o)
                0x00206c9c                uart_isr
 .text.uart0_isr
                0x00206d18        0xc contiki-cc2538dk.a(uart.o)
                0x00206d18                uart0_isr
 .text.uart1_isr
                0x00206d24        0xc contiki-cc2538dk.a(uart.o)
                0x00206d24                uart1_isr
 .text.uart_init
                0x00206d30      0x114 contiki-cc2538dk.a(uart.o)
                0x00206d30                uart_init
 .text.watchdog_init
                0x00206e44        0xc contiki-cc2538dk.a(watchdog.o)
                0x00206e44                watchdog_init
 .text.watchdog_start
                0x00206e50        0xc contiki-cc2538dk.a(watchdog.o)
                0x00206e50                watchdog_start
 .text.watchdog_periodic
                0x00206e5c       0x10 contiki-cc2538dk.a(watchdog.o)
                0x00206e5c                watchdog_periodic
 .text.watchdog_reboot
                0x00206e6c        0xc contiki-cc2538dk.a(watchdog.o)
                0x00206e6c                watchdog_reboot
 .text.nvic_init
                0x00206e78       0x3c contiki-cc2538dk.a(nvic.o)
                0x00206e78                nvic_init
 .text.nvic_interrupt_enable
                0x00206eb4       0x18 contiki-cc2538dk.a(nvic.o)
                0x00206eb4                nvic_interrupt_enable
 .text.nvic_interrupt_disable
                0x00206ecc       0x18 contiki-cc2538dk.a(nvic.o)
                0x00206ecc                nvic_interrupt_disable
 .text.nvic_interrupt_unpend
                0x00206ee4       0x18 contiki-cc2538dk.a(nvic.o)
                0x00206ee4                nvic_interrupt_unpend
 .text.cpu_cpsie
                0x00206efc        0x8 contiki-cc2538dk.a(cpu.o)
                0x00206efc                cpu_cpsie
 .text.cpu_cpsid
                0x00206f04        0x8 contiki-cc2538dk.a(cpu.o)
                0x00206f04                cpu_cpsid
 .text.sys_ctrl_init
                0x00206f0c       0x28 contiki-cc2538dk.a(sys-ctrl.o)
                0x00206f0c                sys_ctrl_init
 .text.gpio_register_callback
                0x00206f34       0x10 contiki-cc2538dk.a(gpio.o)
                0x00206f34                gpio_register_callback
 .text.notify   0x00206f44       0x34 contiki-cc2538dk.a(gpio.o)
                0x00206f44                notify
 .text.gpio_init
                0x00206f78       0x14 contiki-cc2538dk.a(gpio.o)
                0x00206f78                gpio_init
 .text.gpio_port_d_isr
                0x00206f8c       0x2c contiki-cc2538dk.a(gpio.o)
                0x00206f8c                gpio_port_d_isr
 .text.gpio_port_c_isr
                0x00206fb8       0x2c contiki-cc2538dk.a(gpio.o)
                0x00206fb8                gpio_port_c_isr
 .text.gpio_port_b_isr
                0x00206fe4       0x2c contiki-cc2538dk.a(gpio.o)
                0x00206fe4                gpio_port_b_isr
 .text.gpio_port_a_isr
                0x00207010       0x28 contiki-cc2538dk.a(gpio.o)
                0x00207010                gpio_port_a_isr
 .text.ioc_init
                0x00207038       0x1c contiki-cc2538dk.a(ioc.o)
                0x00207038                ioc_init
 .text.ioc_set_over
                0x00207054       0x14 contiki-cc2538dk.a(ioc.o)
                0x00207054                ioc_set_over
 .text.ioc_set_sel
                0x00207068       0x14 contiki-cc2538dk.a(ioc.o)
                0x00207068                ioc_set_sel
 .text.spi_enable
                0x0020707c       0x10 contiki-cc2538dk.a(spi.o)
                0x0020707c                spi_enable
 .text.spi_set_mode
                0x0020708c       0x28 contiki-cc2538dk.a(spi.o)
                0x0020708c                spi_set_mode
 .text.spi_cs_init
                0x002070b4       0x34 contiki-cc2538dk.a(spi.o)
                0x002070b4                spi_cs_init
 .text.spi_init
                0x002070e8       0x90 contiki-cc2538dk.a(spi.o)
                0x002070e8                spi_init
 .text.adc_init
                0x00207178       0x10 contiki-cc2538dk.a(adc.o)
                0x00207178                adc_init
 .text.adc_get  0x00207188       0x74 contiki-cc2538dk.a(adc.o)
                0x00207188                adc_get
 .text.cc2538_rf_power_set
                0x002071fc       0x10 contiki-cc2538dk.a(cc2538-rf.o)
                0x002071fc                cc2538_rf_power_set
 .text.cc2538_rf_set_addr
                0x0020720c       0x40 contiki-cc2538dk.a(cc2538-rf.o)
                0x0020720c                cc2538_rf_set_addr
 .text.on       0x0020724c       0x2c contiki-cc2538dk.a(cc2538-rf.o)
 .text.off      0x00207278       0x3c contiki-cc2538dk.a(cc2538-rf.o)
 .text.channel_clear
                0x002072b4       0x54 contiki-cc2538dk.a(cc2538-rf.o)
 .text.cc2538_rf_channel_set
                0x00207308       0x30 contiki-cc2538dk.a(cc2538-rf.o)
                0x00207308                cc2538_rf_channel_set
 .text.receiving_packet
                0x00207338       0x18 contiki-cc2538dk.a(cc2538-rf.o)
 .text.pending_packet
                0x00207350       0x10 contiki-cc2538dk.a(cc2538-rf.o)
 .text.read     0x00207360       0xdc contiki-cc2538dk.a(cc2538-rf.o)
 .text.cc2538_rf_err_isr
                0x0020743c       0x30 contiki-cc2538dk.a(cc2538-rf.o)
                0x0020743c                cc2538_rf_err_isr
 .text.cc2538_rf_rx_tx_isr
                0x0020746c       0x18 contiki-cc2538dk.a(cc2538-rf.o)
                0x0020746c                cc2538_rf_rx_tx_isr
 .text.transmit
                0x00207484       0xac contiki-cc2538dk.a(cc2538-rf.o)
 .text.prepare  0x00207530       0x68 contiki-cc2538dk.a(cc2538-rf.o)
 .text.send     0x00207598       0x10 contiki-cc2538dk.a(cc2538-rf.o)
 .text.init     0x002075a8       0xf8 contiki-cc2538dk.a(cc2538-rf.o)
 .text.process_thread_cc2538_rf_process
                0x002076a0       0x6c contiki-cc2538dk.a(cc2538-rf.o)
 .text.udma_set_channel_src
                0x0020770c       0x10 contiki-cc2538dk.a(udma.o)
                0x0020770c                udma_set_channel_src
 .text.udma_set_channel_dst
                0x0020771c       0x14 contiki-cc2538dk.a(udma.o)
                0x0020771c                udma_set_channel_dst
 .text.udma_set_channel_control_word
                0x00207730       0x14 contiki-cc2538dk.a(udma.o)
                0x00207730                udma_set_channel_control_word
 .text.udma_channel_enable
                0x00207744       0x18 contiki-cc2538dk.a(udma.o)
                0x00207744                udma_channel_enable
 .text.udma_channel_mask_set
                0x0020775c       0x18 contiki-cc2538dk.a(udma.o)
                0x0020775c                udma_channel_mask_set
 .text.udma_channel_sw_request
                0x00207774       0x18 contiki-cc2538dk.a(udma.o)
                0x00207774                udma_channel_sw_request
 .text.udma_channel_get_mode
                0x0020778c       0x1c contiki-cc2538dk.a(udma.o)
                0x0020778c                udma_channel_get_mode
 .text.udma_isr
                0x002077a8       0x10 contiki-cc2538dk.a(udma.o)
                0x002077a8                udma_isr
 .text.udma_err_isr
                0x002077b8        0xc contiki-cc2538dk.a(udma.o)
                0x002077b8                udma_err_isr
 .text.udma_init
                0x002077c4       0x30 contiki-cc2538dk.a(udma.o)
                0x002077c4                udma_init
 .text.enter_pm0
                0x002077f4        0x4 contiki-cc2538dk.a(lpm.o)
 .text.select_32_mhz_xosc
                0x002077f8       0x34 contiki-cc2538dk.a(lpm.o)
 .text.lpm_register_peripheral
                0x0020782c       0x24 contiki-cc2538dk.a(lpm.o)
                0x0020782c                lpm_register_peripheral
 .text.lpm_init
                0x00207850       0x24 contiki-cc2538dk.a(lpm.o)
                0x00207850                lpm_init
 .text.lpm_enter
                0x00207874       0xc8 contiki-cc2538dk.a(lpm.o)
                0x00207874                lpm_enter
 .text.lpm_exit
                0x0020793c       0x38 contiki-cc2538dk.a(lpm.o)
                0x0020793c                lpm_exit
 .text.putchar  0x00207974       0x10 contiki-cc2538dk.a(dbg.o)
                0x00207974                putchar
 .text.puts     0x00207984       0x24 contiki-cc2538dk.a(dbg.o)
                0x00207984                puts
 .text.dbg_send_bytes
                0x002079a8       0x24 contiki-cc2538dk.a(dbg.o)
                0x002079a8                dbg_send_bytes
 .text.ieee_addr_cpy_to
                0x002079cc       0x78 contiki-cc2538dk.a(ieee-addr.o)
                0x002079cc                ieee_addr_cpy_to
 .text.printf   0x00207a44       0x20 contiki-cc2538dk.a(dbg-printf.o)
                0x00207a44                printf
 .text.write_str
                0x00207a64       0x10 contiki-cc2538dk.a(dbg-printf.o)
 .text.vsnprintf
                0x00207a74       0x28 contiki-cc2538dk.a(dbg-snprintf.o)
                0x00207a74                vsnprintf
 .text.buffer_str
                0x00207a9c       0x28 contiki-cc2538dk.a(dbg-snprintf.o)
 .text.snprintf
                0x00207ac4       0x18 contiki-cc2538dk.a(dbg-snprintf.o)
                0x00207ac4                snprintf
 .text.sprintf  0x00207adc       0x30 contiki-cc2538dk.a(dbg-sprintf.o)
                0x00207adc                sprintf
 .text.buffer_str
                0x00207b0c       0x18 contiki-cc2538dk.a(dbg-sprintf.o)
 .text.parse_uint
                0x00207b24       0x24 contiki-cc2538dk.a(strformat.o)
 .text.output_uint_hex
                0x00207b48       0x48 contiki-cc2538dk.a(strformat.o)
 .text.fill_space
                0x00207b90       0x38 contiki-cc2538dk.a(strformat.o)
 .text.format_str_v
                0x00207bc8      0x6c8 contiki-cc2538dk.a(strformat.o)
                0x00207bc8                format_str_v
 .text.autostart_start
                0x00208290       0x18 contiki-cc2538dk.a(autostart.o)
                0x00208290                autostart_start
 .text.process_thread_ctimer_process
                0x002082a8       0x8c contiki-cc2538dk.a(ctimer.o)
 .text.ctimer_stop
                0x00208334       0x28 contiki-cc2538dk.a(ctimer.o)
                0x00208334                ctimer_stop
 .text.ctimer_set
                0x0020835c       0x4c contiki-cc2538dk.a(ctimer.o)
                0x0020835c                ctimer_set
 .text.ctimer_reset
                0x002083a8       0x3c contiki-cc2538dk.a(ctimer.o)
                0x002083a8                ctimer_reset
 .text.ctimer_init
                0x002083e4       0x24 contiki-cc2538dk.a(ctimer.o)
                0x002083e4                ctimer_init
 .text.energest_init
                0x00208408        0x4 contiki-cc2538dk.a(energest.o)
                0x00208408                energest_init
 .text.etimer_expired
                0x0020840c        0xc contiki-cc2538dk.a(etimer.o)
                0x0020840c                etimer_expired
 .text.etimer_expiration_time
                0x00208418        0x8 contiki-cc2538dk.a(etimer.o)
                0x00208418                etimer_expiration_time
 .text.etimer_pending
                0x00208420       0x10 contiki-cc2538dk.a(etimer.o)
                0x00208420                etimer_pending
 .text.update_time
                0x00208430       0x44 contiki-cc2538dk.a(etimer.o)
 .text.etimer_stop
                0x00208474       0x34 contiki-cc2538dk.a(etimer.o)
                0x00208474                etimer_stop
 .text.etimer_request_poll
                0x002084a8       0x10 contiki-cc2538dk.a(etimer.o)
                0x002084a8                etimer_request_poll
 .text.process_thread_etimer_process
                0x002084b8       0xa0 contiki-cc2538dk.a(etimer.o)
 .text.add_timer
                0x00208558       0x40 contiki-cc2538dk.a(etimer.o)
 .text.etimer_restart
                0x00208598       0x10 contiki-cc2538dk.a(etimer.o)
                0x00208598                etimer_restart
 .text.etimer_reset
                0x002085a8       0x10 contiki-cc2538dk.a(etimer.o)
                0x002085a8                etimer_reset
 .text.etimer_set
                0x002085b8       0x10 contiki-cc2538dk.a(etimer.o)
                0x002085b8                etimer_set
 .text.process_alloc_event
                0x002085c8       0x10 contiki-cc2538dk.a(process.o)
                0x002085c8                process_alloc_event
 .text.process_init
                0x002085d8       0x30 contiki-cc2538dk.a(process.o)
                0x002085d8                process_init
 .text.process_nevents
                0x00208608       0x14 contiki-cc2538dk.a(process.o)
                0x00208608                process_nevents
 .text.process_post
                0x0020861c       0x50 contiki-cc2538dk.a(process.o)
                0x0020861c                process_post
 .text.process_poll
                0x0020866c       0x1c contiki-cc2538dk.a(process.o)
                0x0020866c                process_poll
 .text.process_is_running
                0x00208688        0xc contiki-cc2538dk.a(process.o)
                0x00208688                process_is_running
 .text.exit_process
                0x00208694       0x8c contiki-cc2538dk.a(process.o)
 .text.call_process
                0x00208720       0x40 contiki-cc2538dk.a(process.o)
 .text.process_post_synch
                0x00208760       0x14 contiki-cc2538dk.a(process.o)
                0x00208760                process_post_synch
 .text.process_start
                0x00208774       0x30 contiki-cc2538dk.a(process.o)
                0x00208774                process_start
 .text.do_poll  0x002087a4       0x34 contiki-cc2538dk.a(process.o)
 .text.process_run
                0x002087d8       0xb8 contiki-cc2538dk.a(process.o)
                0x002087d8                process_run
 .text.rtimer_run_next
                0x00208890       0x24 contiki-cc2538dk.a(rtimer.o)
                0x00208890                rtimer_run_next
 .text.rtimer_set
                0x002088b4       0x24 contiki-cc2538dk.a(rtimer.o)
                0x002088b4                rtimer_set
 .text.rtimer_init
                0x002088d8        0x8 contiki-cc2538dk.a(rtimer.o)
                0x002088d8                rtimer_init
 .text.stimer_elapsed
                0x002088e0       0x10 contiki-cc2538dk.a(stimer.o)
                0x002088e0                stimer_elapsed
 .text.stimer_remaining
                0x002088f0       0x10 contiki-cc2538dk.a(stimer.o)
                0x002088f0                stimer_remaining
 .text.stimer_expired
                0x00208900       0x20 contiki-cc2538dk.a(stimer.o)
                0x00208900                stimer_expired
 .text.stimer_restart
                0x00208920        0xc contiki-cc2538dk.a(stimer.o)
                0x00208920                stimer_restart
 .text.stimer_set
                0x0020892c       0x10 contiki-cc2538dk.a(stimer.o)
                0x0020892c                stimer_set
 .text.timer_reset
                0x0020893c        0xc contiki-cc2538dk.a(timer.o)
                0x0020893c                timer_reset
 .text.timer_expired
                0x00208948       0x1c contiki-cc2538dk.a(timer.o)
                0x00208948                timer_expired
 .text.timer_restart
                0x00208964        0xc contiki-cc2538dk.a(timer.o)
                0x00208964                timer_restart
 .text.timer_set
                0x00208970       0x10 contiki-cc2538dk.a(timer.o)
                0x00208970                timer_set
 .text.process_thread_serial_line_process
                0x00208980       0xa8 contiki-cc2538dk.a(serial-line.o)
 .text.serial_line_init
                0x00208a28       0x24 contiki-cc2538dk.a(serial-line.o)
                0x00208a28                serial_line_init
 .text.serial_line_input_byte
                0x00208a4c       0x44 contiki-cc2538dk.a(serial-line.o)
                0x00208a4c                serial_line_input_byte
 .text.list_init
                0x00208a90        0x8 contiki-cc2538dk.a(list.o)
                0x00208a90                list_init
 .text.list_head
                0x00208a98        0x4 contiki-cc2538dk.a(list.o)
                0x00208a98                list_head
 .text.list_tail
                0x00208a9c       0x10 contiki-cc2538dk.a(list.o)
                0x00208a9c                list_tail
 .text.list_remove
                0x00208aac       0x28 contiki-cc2538dk.a(list.o)
                0x00208aac                list_remove
 .text.list_push
                0x00208ad4       0x14 contiki-cc2538dk.a(list.o)
                0x00208ad4                list_push
 .text.list_add
                0x00208ae8       0x20 contiki-cc2538dk.a(list.o)
                0x00208ae8                list_add
 .text.list_length
                0x00208b08       0x10 contiki-cc2538dk.a(list.o)
                0x00208b08                list_length
 .text.list_item_next
                0x00208b18        0x8 contiki-cc2538dk.a(list.o)
                0x00208b18                list_item_next
 .text.memb_alloc
                0x00208b20       0x2c contiki-cc2538dk.a(memb.o)
                0x00208b20                memb_alloc
 .text.memb_free
                0x00208b4c       0x30 contiki-cc2538dk.a(memb.o)
                0x00208b4c                memb_free
 .text.memb_inmemb
                0x00208b7c       0x20 contiki-cc2538dk.a(memb.o)
                0x00208b7c                memb_inmemb
 .text.memb_count
                0x00208b9c       0x1c contiki-cc2538dk.a(memb.o)
                0x00208b9c                memb_count
 .text.memb_init
                0x00208bb8       0x20 contiki-cc2538dk.a(memb.o)
                0x00208bb8                memb_init
 .text.random_rand
                0x00208bd8       0x24 contiki-cc2538dk.a(random.o)
                0x00208bd8                random_rand
 .text.random_init
                0x00208bfc       0x90 contiki-cc2538dk.a(random.o)
                0x00208bfc                random_init
 .text.ringbuf_init
                0x00208c8c       0x10 contiki-cc2538dk.a(ringbuf.o)
                0x00208c8c                ringbuf_init
 .text.ringbuf_put
                0x00208c9c       0x2c contiki-cc2538dk.a(ringbuf.o)
                0x00208c9c                ringbuf_put
 .text.ringbuf_get
                0x00208cc8       0x28 contiki-cc2538dk.a(ringbuf.o)
                0x00208cc8                ringbuf_get
 .text.linkaddr_cmp
                0x00208cf0       0x14 contiki-cc2538dk.a(linkaddr.o)
                0x00208cf0                linkaddr_cmp
 .text.linkaddr_copy
                0x00208d04        0xc contiki-cc2538dk.a(linkaddr.o)
                0x00208d04                linkaddr_copy
 .text.item_from_index
                0x00208d10       0x18 contiki-cc2538dk.a(nbr-table.o)
 .text.index_from_key
                0x00208d28       0x20 contiki-cc2538dk.a(nbr-table.o)
 .text.index_from_item
                0x00208d48       0x18 contiki-cc2538dk.a(nbr-table.o)
 .text.item_from_key
                0x00208d60       0x14 contiki-cc2538dk.a(nbr-table.o)
 .text.key_from_item
                0x00208d74       0x20 contiki-cc2538dk.a(nbr-table.o)
 .text.nbr_get_bit
                0x00208d94       0x28 contiki-cc2538dk.a(nbr-table.o)
 .text.nbr_set_bit
                0x00208dbc       0x40 contiki-cc2538dk.a(nbr-table.o)
 .text.nbr_table_register
                0x00208dfc       0x28 contiki-cc2538dk.a(nbr-table.o)
                0x00208dfc                nbr_table_register
 .text.nbr_table_remove
                0x00208e24       0x2c contiki-cc2538dk.a(nbr-table.o)
                0x00208e24                nbr_table_remove
 .text.nbr_table_lock
                0x00208e50       0x18 contiki-cc2538dk.a(nbr-table.o)
                0x00208e50                nbr_table_lock
 .text.nbr_table_unlock
                0x00208e68       0x18 contiki-cc2538dk.a(nbr-table.o)
                0x00208e68                nbr_table_unlock
 .text.nbr_table_get_lladdr
                0x00208e80       0x10 contiki-cc2538dk.a(nbr-table.o)
                0x00208e80                nbr_table_get_lladdr
 .text.index_from_lladdr
                0x00208e90       0x40 contiki-cc2538dk.a(nbr-table.o)
 .text.nbr_table_get_from_lladdr
                0x00208ed0       0x2c contiki-cc2538dk.a(nbr-table.o)
                0x00208ed0                nbr_table_get_from_lladdr
 .text.nbr_table_next
                0x00208efc       0x34 contiki-cc2538dk.a(nbr-table.o)
                0x00208efc                nbr_table_next
 .text.nbr_table_head
                0x00208f30       0x38 contiki-cc2538dk.a(nbr-table.o)
                0x00208f30                nbr_table_head
 .text.nbr_table_add_lladdr
                0x00208f68      0x11c contiki-cc2538dk.a(nbr-table.o)
                0x00208f68                nbr_table_add_lladdr
 .text.netstack_init
                0x00209084       0x2c contiki-cc2538dk.a(netstack.o)
                0x00209084                netstack_init
 .text.packetbuf_hdr_remove
                0x002090b0       0x10 contiki-cc2538dk.a(packetbuf.o)
                0x002090b0                packetbuf_hdr_remove
 .text.packetbuf_hdrreduce
                0x002090c0       0x2c contiki-cc2538dk.a(packetbuf.o)
                0x002090c0                packetbuf_hdrreduce
 .text.packetbuf_set_datalen
                0x002090ec        0xc contiki-cc2538dk.a(packetbuf.o)
                0x002090ec                packetbuf_set_datalen
 .text.packetbuf_dataptr
                0x002090f8       0x18 contiki-cc2538dk.a(packetbuf.o)
                0x002090f8                packetbuf_dataptr
 .text.packetbuf_hdrptr
                0x00209110       0x14 contiki-cc2538dk.a(packetbuf.o)
                0x00209110                packetbuf_hdrptr
 .text.packetbuf_is_reference
                0x00209124       0x1c contiki-cc2538dk.a(packetbuf.o)
                0x00209124                packetbuf_is_reference
 .text.packetbuf_reference_ptr
                0x00209140        0xc contiki-cc2538dk.a(packetbuf.o)
                0x00209140                packetbuf_reference_ptr
 .text.packetbuf_datalen
                0x0020914c        0xc contiki-cc2538dk.a(packetbuf.o)
                0x0020914c                packetbuf_datalen
 .text.packetbuf_hdrlen
                0x00209158       0x10 contiki-cc2538dk.a(packetbuf.o)
                0x00209158                packetbuf_hdrlen
 .text.packetbuf_totlen
                0x00209168       0x14 contiki-cc2538dk.a(packetbuf.o)
                0x00209168                packetbuf_totlen
 .text.packetbuf_hdralloc
                0x0020917c       0x28 contiki-cc2538dk.a(packetbuf.o)
                0x0020917c                packetbuf_hdralloc
 .text.packetbuf_set_attr
                0x002091a4       0x10 contiki-cc2538dk.a(packetbuf.o)
                0x002091a4                packetbuf_set_attr
 .text.packetbuf_attr
                0x002091b4        0xc contiki-cc2538dk.a(packetbuf.o)
                0x002091b4                packetbuf_attr
 .text.packetbuf_addr
                0x002091c0       0x10 contiki-cc2538dk.a(packetbuf.o)
                0x002091c0                packetbuf_addr
 .text.packetbuf_set_addr
                0x002091d0       0x18 contiki-cc2538dk.a(packetbuf.o)
                0x002091d0                packetbuf_set_addr
 .text.packetbuf_attr_clear
                0x002091e8       0x4c contiki-cc2538dk.a(packetbuf.o)
                0x002091e8                packetbuf_attr_clear
 .text.packetbuf_clear
                0x00209234       0x38 contiki-cc2538dk.a(packetbuf.o)
                0x00209234                packetbuf_clear
 .text.packetbuf_attr_copyfrom
                0x0020926c       0x24 contiki-cc2538dk.a(packetbuf.o)
                0x0020926c                packetbuf_attr_copyfrom
 .text.packetbuf_attr_copyto
                0x00209290       0x20 contiki-cc2538dk.a(packetbuf.o)
                0x00209290                packetbuf_attr_copyto
 .text.packetbuf_copyto
                0x002092b0       0x5c contiki-cc2538dk.a(packetbuf.o)
                0x002092b0                packetbuf_copyto
 .text.packetbuf_copyto_hdr
                0x0020930c       0x24 contiki-cc2538dk.a(packetbuf.o)
                0x0020930c                packetbuf_copyto_hdr
 .text.packetbuf_compact
                0x00209330       0x60 contiki-cc2538dk.a(packetbuf.o)
                0x00209330                packetbuf_compact
 .text.packetbuf_copyfrom
                0x00209390       0x2c contiki-cc2538dk.a(packetbuf.o)
                0x00209390                packetbuf_copyfrom
 .text.queuebuf_attr
                0x002093bc        0xc contiki-cc2538dk.a(queuebuf.o)
                0x002093bc                queuebuf_attr
 .text.queuebuf_to_packetbuf
                0x002093c8       0x60 contiki-cc2538dk.a(queuebuf.o)
                0x002093c8                queuebuf_to_packetbuf
 .text.queuebuf_free
                0x00209428       0x3c contiki-cc2538dk.a(queuebuf.o)
                0x00209428                queuebuf_free
 .text.queuebuf_update_attr_from_packetbuf
                0x00209464       0x10 contiki-cc2538dk.a(queuebuf.o)
                0x00209464                queuebuf_update_attr_from_packetbuf
 .text.queuebuf_new_from_packetbuf
                0x00209474       0x6c contiki-cc2538dk.a(queuebuf.o)
                0x00209474                queuebuf_new_from_packetbuf
 .text.queuebuf_freeslots
                0x002094e0       0x1c contiki-cc2538dk.a(queuebuf.o)
                0x002094e0                queuebuf_freeslots
 .text.queuebuf_init
                0x002094fc       0x24 contiki-cc2538dk.a(queuebuf.o)
                0x002094fc                queuebuf_init
 .text.addr_context_lookup_by_number
                0x00209520       0x18 contiki-cc2538dk.a(sicslowpan.o)
 .text.compress_addr_64
                0x00209538       0xa0 contiki-cc2538dk.a(sicslowpan.o)
 .text.uncompress_addr
                0x002095d8       0x74 contiki-cc2538dk.a(sicslowpan.o)
 .text.set_packet_attrs
                0x0020964c       0x44 contiki-cc2538dk.a(sicslowpan.o)
 .text.input    0x00209690      0x5dc contiki-cc2538dk.a(sicslowpan.o)
 .text.sicslowpan_init
                0x00209c6c       0x24 contiki-cc2538dk.a(sicslowpan.o)
                0x00209c6c                sicslowpan_init
 .text.addr_context_lookup_by_prefix
                0x00209c90       0x24 contiki-cc2538dk.a(sicslowpan.o)
 .text.send_packet
                0x00209cb4       0x24 contiki-cc2538dk.a(sicslowpan.o)
 .text.output   0x00209cd8      0x700 contiki-cc2538dk.a(sicslowpan.o)
 .text.packet_sent
                0x0020a3d8       0x28 contiki-cc2538dk.a(sicslowpan.o)
 .text.uip_add32
                0x0020a400       0x60 contiki-cc2538dk.a(uip6.o)
                0x0020a400                uip_add32
 .text.chksum   0x0020a460       0x38 contiki-cc2538dk.a(uip6.o)
 .text.uip_unlisten
                0x0020a498       0x3c contiki-cc2538dk.a(uip6.o)
                0x0020a498                uip_unlisten
 .text.uip_listen
                0x0020a4d4       0x34 contiki-cc2538dk.a(uip6.o)
                0x0020a4d4                uip_listen
 .text.uip_add_rcv_nxt
                0x0020a508       0x34 contiki-cc2538dk.a(uip6.o)
 .text.uip_htons
                0x0020a53c        0xc contiki-cc2538dk.a(uip6.o)
                0x0020a53c                uip_htons
 .text.upper_layer_chksum
                0x0020a548       0x50 contiki-cc2538dk.a(uip6.o)
 .text.uip_udpchksum
                0x0020a598        0xc contiki-cc2538dk.a(uip6.o)
                0x0020a598                uip_udpchksum
 .text.uip_tcpchksum
                0x0020a5a4        0xc contiki-cc2538dk.a(uip6.o)
                0x0020a5a4                uip_tcpchksum
 .text.uip_icmp6chksum
                0x0020a5b0        0xc contiki-cc2538dk.a(uip6.o)
                0x0020a5b0                uip_icmp6chksum
 .text.uip_htonl
                0x0020a5bc       0x18 contiki-cc2538dk.a(uip6.o)
                0x0020a5bc                uip_htonl
 .text.uip_send
                0x0020a5d4       0x4c contiki-cc2538dk.a(uip6.o)
                0x0020a5d4                uip_send
 .text.ext_hdr_options_process
                0x0020a620       0xb8 contiki-cc2538dk.a(uip6.o)
 .text.uip_udp_new
                0x0020a6d8       0xac contiki-cc2538dk.a(uip6.o)
                0x0020a6d8                uip_udp_new
 .text.remove_ext_hdr
                0x0020a784       0x58 contiki-cc2538dk.a(uip6.o)
                0x0020a784                remove_ext_hdr
 .text.uip_process
                0x0020a7dc      0xe60 contiki-cc2538dk.a(uip6.o)
                0x0020a7dc                uip_process
 .text.uip_init
                0x0020b63c       0x78 contiki-cc2538dk.a(uip6.o)
                0x0020b63c                uip_init
 .text.uip_ds6_get_link_local
                0x0020b6b4       0x44 contiki-cc2538dk.a(uip-ds6.o)
                0x0020b6b4                uip_ds6_get_link_local
 .text.uip_ds6_get_global
                0x0020b6f8       0x44 contiki-cc2538dk.a(uip-ds6.o)
                0x0020b6f8                uip_ds6_get_global
 .text.uip_ds6_maddr_rm
                0x0020b73c        0x8 contiki-cc2538dk.a(uip-ds6.o)
                0x0020b73c                uip_ds6_maddr_rm
 .text.get_match_length
                0x0020b744       0x44 contiki-cc2538dk.a(uip-ds6.o)
                0x0020b744                get_match_length
 .text.uip_ds6_select_src
                0x0020b788       0x98 contiki-cc2538dk.a(uip-ds6.o)
                0x0020b788                uip_ds6_select_src
 .text.uip_ds6_compute_reachable_time
                0x0020b820       0x28 contiki-cc2538dk.a(uip-ds6.o)
                0x0020b820                uip_ds6_compute_reachable_time
 .text.uip_ds6_send_ra_periodic
                0x0020b848       0x6c contiki-cc2538dk.a(uip-ds6.o)
                0x0020b848                uip_ds6_send_ra_periodic
 .text.uip_ds6_send_ra_sollicited
                0x0020b8b4       0x3c contiki-cc2538dk.a(uip-ds6.o)
                0x0020b8b4                uip_ds6_send_ra_sollicited
 .text.uip_ds6_dad
                0x0020b8f0       0x44 contiki-cc2538dk.a(uip-ds6.o)
                0x0020b8f0                uip_ds6_dad
 .text.uip_ds6_set_addr_iid
                0x0020b934       0x18 contiki-cc2538dk.a(uip-ds6.o)
                0x0020b934                uip_ds6_set_addr_iid
 .text.uip_ds6_is_addr_onlink
                0x0020b94c       0x40 contiki-cc2538dk.a(uip-ds6.o)
                0x0020b94c                uip_ds6_is_addr_onlink
 .text.uip_ds6_list_loop
                0x0020b98c       0x48 contiki-cc2538dk.a(uip-ds6.o)
                0x0020b98c                uip_ds6_list_loop
 .text.uip_ds6_maddr_lookup
                0x0020b9d4       0x28 contiki-cc2538dk.a(uip-ds6.o)
                0x0020b9d4                uip_ds6_maddr_lookup
 .text.uip_ds6_addr_rm
                0x0020b9fc       0x48 contiki-cc2538dk.a(uip-ds6.o)
                0x0020b9fc                uip_ds6_addr_rm
 .text.uip_ds6_dad_failed
                0x0020ba44       0x1c contiki-cc2538dk.a(uip-ds6.o)
                0x0020ba44                uip_ds6_dad_failed
 .text.uip_ds6_maddr_add
                0x0020ba60       0x3c contiki-cc2538dk.a(uip-ds6.o)
                0x0020ba60                uip_ds6_maddr_add
 .text.uip_ds6_addr_lookup
                0x0020ba9c       0x28 contiki-cc2538dk.a(uip-ds6.o)
                0x0020ba9c                uip_ds6_addr_lookup
 .text.uip_ds6_addr_add
                0x0020bac4       0xb0 contiki-cc2538dk.a(uip-ds6.o)
                0x0020bac4                uip_ds6_addr_add
 .text.uip_ds6_prefix_add
                0x0020bb74       0x60 contiki-cc2538dk.a(uip-ds6.o)
                0x0020bb74                uip_ds6_prefix_add
 .text.uip_ds6_periodic
                0x0020bbd4       0x9c contiki-cc2538dk.a(uip-ds6.o)
                0x0020bbd4                uip_ds6_periodic
 .text.uip_ds6_init
                0x0020bc70       0xf4 contiki-cc2538dk.a(uip-ds6.o)
                0x0020bc70                uip_ds6_init
 .text.uip_ds6_link_neighbor_callback
                0x0020bd64       0x28 contiki-cc2538dk.a(uip-ds6-nbr.o)
                0x0020bd64                uip_ds6_link_neighbor_callback
 .text.uip_ds6_nbr_ll_lookup
                0x0020bd8c       0x14 contiki-cc2538dk.a(uip-ds6-nbr.o)
                0x0020bd8c                uip_ds6_nbr_ll_lookup
 .text.uip_ds6_nbr_ipaddr_from_lladdr
                0x0020bda0        0x8 contiki-cc2538dk.a(uip-ds6-nbr.o)
                0x0020bda0                uip_ds6_nbr_ipaddr_from_lladdr
 .text.uip_ds6_nbr_lookup
                0x0020bda8       0x38 contiki-cc2538dk.a(uip-ds6-nbr.o)
                0x0020bda8                uip_ds6_nbr_lookup
 .text.uip_ds6_nbr_get_ll
                0x0020bde0       0x14 contiki-cc2538dk.a(uip-ds6-nbr.o)
                0x0020bde0                uip_ds6_nbr_get_ll
 .text.uip_ds6_nbr_lladdr_from_ipaddr
                0x0020bdf4       0x10 contiki-cc2538dk.a(uip-ds6-nbr.o)
                0x0020bdf4                uip_ds6_nbr_lladdr_from_ipaddr
 .text.uip_ds6_nbr_rm
                0x0020be04       0x1c contiki-cc2538dk.a(uip-ds6-nbr.o)
                0x0020be04                uip_ds6_nbr_rm
 .text.uip_ds6_neighbor_periodic
                0x0020be20      0x110 contiki-cc2538dk.a(uip-ds6-nbr.o)
                0x0020be20                uip_ds6_neighbor_periodic
 .text.uip_ds6_nbr_add
                0x0020bf30       0x50 contiki-cc2538dk.a(uip-ds6-nbr.o)
                0x0020bf30                uip_ds6_nbr_add
 .text.uip_ds6_neighbors_init
                0x0020bf80       0x18 contiki-cc2538dk.a(uip-ds6-nbr.o)
                0x0020bf80                uip_ds6_neighbors_init
 .text.uip_ds6_defrt_list_head
                0x0020bf98       0x10 contiki-cc2538dk.a(uip-ds6-route.o)
                0x0020bf98                uip_ds6_defrt_list_head
 .text.uip_ds6_route_head
                0x0020bfa8       0x10 contiki-cc2538dk.a(uip-ds6-route.o)
                0x0020bfa8                uip_ds6_route_head
 .text.uip_ds6_route_next
                0x0020bfb8        0xc contiki-cc2538dk.a(uip-ds6-route.o)
                0x0020bfb8                uip_ds6_route_next
 .text.uip_ds6_defrt_choose
                0x0020bfc4       0x34 contiki-cc2538dk.a(uip-ds6-route.o)
                0x0020bfc4                uip_ds6_defrt_choose
 .text.uip_ds6_defrt_lookup
                0x0020bff8       0x2c contiki-cc2538dk.a(uip-ds6-route.o)
                0x0020bff8                uip_ds6_defrt_lookup
 .text.call_route_callback
                0x0020c024       0x4c contiki-cc2538dk.a(uip-ds6-route.o)
 .text.uip_ds6_defrt_rm
                0x0020c070       0x44 contiki-cc2538dk.a(uip-ds6-route.o)
                0x0020c070                uip_ds6_defrt_rm
 .text.uip_ds6_defrt_periodic
                0x0020c0b4       0x34 contiki-cc2538dk.a(uip-ds6-route.o)
                0x0020c0b4                uip_ds6_defrt_periodic
 .text.uip_ds6_defrt_add
                0x0020c0e8       0x54 contiki-cc2538dk.a(uip-ds6-route.o)
                0x0020c0e8                uip_ds6_defrt_add
 .text.uip_ds6_route_lookup
                0x0020c13c       0x58 contiki-cc2538dk.a(uip-ds6-route.o)
                0x0020c13c                uip_ds6_route_lookup
 .text.uip_ds6_notification_add
                0x0020c194       0x18 contiki-cc2538dk.a(uip-ds6-route.o)
                0x0020c194                uip_ds6_notification_add
 .text.uip_ds6_route_nexthop
                0x0020c1ac       0x1c contiki-cc2538dk.a(uip-ds6-route.o)
                0x0020c1ac                uip_ds6_route_nexthop
 .text.uip_ds6_route_rm
                0x0020c1c8       0x98 contiki-cc2538dk.a(uip-ds6-route.o)
                0x0020c1c8                uip_ds6_route_rm
 .text.rm_routelist
                0x0020c260       0x2c contiki-cc2538dk.a(uip-ds6-route.o)
 .text.rm_routelist_callback
                0x0020c28c        0x8 contiki-cc2538dk.a(uip-ds6-route.o)
 .text.uip_ds6_route_add
                0x0020c294       0xd8 contiki-cc2538dk.a(uip-ds6-route.o)
                0x0020c294                uip_ds6_route_add
 .text.uip_ds6_route_init
                0x0020c36c       0x48 contiki-cc2538dk.a(uip-ds6-route.o)
                0x0020c36c                uip_ds6_route_init
 .text.echo_reply_input
                0x0020c3b4       0xe8 contiki-cc2538dk.a(uip-icmp6.o)
 .text.uip_icmp6_input
                0x0020c49c       0x3c contiki-cc2538dk.a(uip-icmp6.o)
                0x0020c49c                uip_icmp6_input
 .text.echo_request_input
                0x0020c4d8      0x108 contiki-cc2538dk.a(uip-icmp6.o)
 .text.uip_icmp6_register_input_handler
                0x0020c5e0       0x10 contiki-cc2538dk.a(uip-icmp6.o)
                0x0020c5e0                uip_icmp6_register_input_handler
 .text.uip_icmp6_init
                0x0020c5f0       0x18 contiki-cc2538dk.a(uip-icmp6.o)
                0x0020c5f0                uip_icmp6_init
 .text.uip_icmp6_send
                0x0020c608       0x80 contiki-cc2538dk.a(uip-icmp6.o)
                0x0020c608                uip_icmp6_send
 .text.uip_icmp6_error_output
                0x0020c688      0x148 contiki-cc2538dk.a(uip-icmp6.o)
                0x0020c688                uip_icmp6_error_output
 .text.uip_nd6_init
                0x0020c7d0       0x24 contiki-cc2538dk.a(uip-nd6.o)
                0x0020c7d0                uip_nd6_init
 .text.rs_input
                0x0020c7f4      0x148 contiki-cc2538dk.a(uip-nd6.o)
 .text.na_input
                0x0020c93c      0x1d8 contiki-cc2538dk.a(uip-nd6.o)
 .text.create_llao
                0x0020cb14       0x28 contiki-cc2538dk.a(uip-nd6.o)
 .text.ns_input
                0x0020cb3c      0x2e0 contiki-cc2538dk.a(uip-nd6.o)
 .text.uip_nd6_ns_output
                0x0020ce1c      0x12c contiki-cc2538dk.a(uip-nd6.o)
                0x0020ce1c                uip_nd6_ns_output
 .text.uip_nd6_ra_output
                0x0020cf48      0x280 contiki-cc2538dk.a(uip-nd6.o)
                0x0020cf48                uip_nd6_ra_output
 .text.default_timebase
                0x0020d1c8       0x14 contiki-cc2538dk.a(csma.o)
 .text.input_packet
                0x0020d1dc       0x1c contiki-cc2538dk.a(csma.o)
 .text.on       0x0020d1f8       0x10 contiki-cc2538dk.a(csma.o)
 .text.off      0x0020d208       0x10 contiki-cc2538dk.a(csma.o)
 .text.channel_check_interval
                0x0020d218       0x10 contiki-cc2538dk.a(csma.o)
 .text.transmit_packet_list
                0x0020d228       0x24 contiki-cc2538dk.a(csma.o)
 .text.send_packet
                0x0020d24c      0x17c contiki-cc2538dk.a(csma.o)
 .text.free_packet
                0x0020d3c8       0x7c contiki-cc2538dk.a(csma.o)
 .text.packet_sent
                0x0020d444      0x134 contiki-cc2538dk.a(csma.o)
 .text.init     0x0020d578       0x2c contiki-cc2538dk.a(csma.o)
 .text.parse    0x0020d5a4       0x8c contiki-cc2538dk.a(framer-802154.o)
 .text.create   0x0020d630      0x120 contiki-cc2538dk.a(framer-802154.o)
 .text.mac_call_sent_callback
                0x0020d750       0x10 contiki-cc2538dk.a(mac.o)
                0x0020d750                mac_call_sent_callback
 .text.buf_setup
                0x0020d760        0x8 contiki-cc2538dk.a(psock.o)
 .text.psock_datalen
                0x0020d768        0xc contiki-cc2538dk.a(psock.o)
                0x0020d768                psock_datalen
 .text.psock_newdata
                0x0020d774       0x28 contiki-cc2538dk.a(psock.o)
                0x0020d774                psock_newdata
 .text.psock_readto
                0x0020d79c       0xb0 contiki-cc2538dk.a(psock.o)
                0x0020d79c                psock_readto
 .text.psock_init
                0x0020d84c       0x20 contiki-cc2538dk.a(psock.o)
                0x0020d84c                psock_init
 .text.psock_send
                0x0020d86c       0xa0 contiki-cc2538dk.a(psock.o)
                0x0020d86c                psock_send
 .text.tcpip_output
                0x0020d90c       0x14 contiki-cc2538dk.a(tcpip.o)
                0x0020d90c                tcpip_output
 .text.tcpip_set_outputfunc
                0x0020d920        0xc contiki-cc2538dk.a(tcpip.o)
                0x0020d920                tcpip_set_outputfunc
 .text.tcpip_get_outputfunc
                0x0020d92c        0xc contiki-cc2538dk.a(tcpip.o)
                0x0020d92c                tcpip_get_outputfunc
 .text.tcpip_input
                0x0020d938       0x10 contiki-cc2538dk.a(tcpip.o)
                0x0020d938                tcpip_input
 .text.tcpip_set_inputfunc
                0x0020d948        0xc contiki-cc2538dk.a(tcpip.o)
                0x0020d948                tcpip_set_inputfunc
 .text.tcpip_get_inputfunc
                0x0020d954        0xc contiki-cc2538dk.a(tcpip.o)
                0x0020d954                tcpip_get_inputfunc
 .text.tcp_attach
                0x0020d960       0x10 contiki-cc2538dk.a(tcpip.o)
                0x0020d960                tcp_attach
 .text.start_periodic_tcp_timer
                0x0020d970       0x18 contiki-cc2538dk.a(tcpip.o)
 .text.tcpip_uipcall
                0x0020d988       0x84 contiki-cc2538dk.a(tcpip.o)
                0x0020d988                tcpip_uipcall
 .text.tcpip_inputfunc
                0x0020da0c       0x24 contiki-cc2538dk.a(tcpip.o)
                0x0020da0c                tcpip_inputfunc
 .text.tcpip_icmp6_call
                0x0020da30       0x24 contiki-cc2538dk.a(tcpip.o)
                0x0020da30                tcpip_icmp6_call
 .text.tcpip_ipv6_output
                0x0020da54      0x144 contiki-cc2538dk.a(tcpip.o)
                0x0020da54                tcpip_ipv6_output
 .text.process_thread_tcpip_process
                0x0020db98      0x204 contiki-cc2538dk.a(tcpip.o)
 .text.udp_new  0x0020dd9c       0x1c contiki-cc2538dk.a(tcpip.o)
                0x0020dd9c                udp_new
 .text.tcp_listen
                0x0020ddb8       0x44 contiki-cc2538dk.a(tcpip.o)
                0x0020ddb8                tcp_listen
 .text.uip_debug_ipaddr_print
                0x0020ddfc       0x64 contiki-cc2538dk.a(uip-debug.o)
                0x0020ddfc                uip_debug_ipaddr_print
 .text.uiplib_ip6addrconv
                0x0020de60       0xd4 contiki-cc2538dk.a(uiplib.o)
                0x0020de60                uiplib_ip6addrconv
 .text.uip_udp_packet_send
                0x0020df34       0x3c contiki-cc2538dk.a(uip-udp-packet.)
                0x0020df34                uip_udp_packet_send
 .text.rpl_get_mode
                0x0020df70        0xc contiki-cc2538dk.a(rpl.o)
                0x0020df70                rpl_get_mode
 .text.rpl_init
                0x0020df7c       0x54 contiki-cc2538dk.a(rpl.o)
                0x0020df7c                rpl_init
 .text.rpl_purge_dags
                0x0020dfd0       0x60 contiki-cc2538dk.a(rpl.o)
                0x0020dfd0                rpl_purge_dags
 .text.rpl_ipv6_neighbor_callback
                0x0020e030       0x3c contiki-cc2538dk.a(rpl.o)
                0x0020e030                rpl_ipv6_neighbor_callback
 .text.rpl_link_neighbor_callback
                0x0020e06c       0x74 contiki-cc2538dk.a(rpl.o)
                0x0020e06c                rpl_link_neighbor_callback
 .text.rpl_add_route
                0x0020e0e0       0x58 contiki-cc2538dk.a(rpl.o)
                0x0020e0e0                rpl_add_route
 .text.rpl_remove_routes_by_nexthop
                0x0020e138       0x38 contiki-cc2538dk.a(rpl.o)
                0x0020e138                rpl_remove_routes_by_nexthop
 .text.rpl_remove_routes
                0x0020e170       0x20 contiki-cc2538dk.a(rpl.o)
                0x0020e170                rpl_remove_routes
 .text.rpl_purge_routes
                0x0020e190       0x68 contiki-cc2538dk.a(rpl.o)
                0x0020e190                rpl_purge_routes
 .text.lollipop_greater_than
                0x0020e1f8       0x3c contiki-cc2538dk.a(rpl-dag.o)
 .text.acceptable_rank
                0x0020e234       0x34 contiki-cc2538dk.a(rpl-dag.o)
 .text.rpl_get_any_dag
                0x0020e268       0x18 contiki-cc2538dk.a(rpl-dag.o)
                0x0020e268                rpl_get_any_dag
 .text.rpl_get_instance
                0x0020e280       0x1c contiki-cc2538dk.a(rpl-dag.o)
                0x0020e280                rpl_get_instance
 .text.rpl_find_of
                0x0020e29c       0x14 contiki-cc2538dk.a(rpl-dag.o)
                0x0020e29c                rpl_find_of
 .text.rpl_lock_parent
                0x0020e2b0       0x10 contiki-cc2538dk.a(rpl-dag.o)
                0x0020e2b0                rpl_lock_parent
 .text.rpl_repair_root
                0x0020e2c0       0x5c contiki-cc2538dk.a(rpl-dag.o)
                0x0020e2c0                rpl_repair_root
 .text.find_parent_any_dag_any_instance
                0x0020e31c       0x18 contiki-cc2538dk.a(rpl-dag.o)
 .text.find_parent_dag
                0x0020e334       0x10 contiki-cc2538dk.a(rpl-dag.o)
 .text.rpl_find_parent_any_dag
                0x0020e344       0x20 contiki-cc2538dk.a(rpl-dag.o)
                0x0020e344                rpl_find_parent_any_dag
 .text.rpl_find_parent
                0x0020e364       0x1c contiki-cc2538dk.a(rpl-dag.o)
                0x0020e364                rpl_find_parent
 .text.rpl_get_parent
                0x0020e380       0x10 contiki-cc2538dk.a(rpl-dag.o)
                0x0020e380                rpl_get_parent
 .text.rpl_set_preferred_parent
                0x0020e390       0x24 contiki-cc2538dk.a(rpl-dag.o)
 .text.rpl_select_parent
                0x0020e3b4       0x64 contiki-cc2538dk.a(rpl-dag.o)
                0x0020e3b4                rpl_select_parent
 .text.rpl_alloc_instance
                0x0020e418       0x40 contiki-cc2538dk.a(rpl-dag.o)
                0x0020e418                rpl_alloc_instance
 .text.rpl_alloc_dag
                0x0020e458       0x50 contiki-cc2538dk.a(rpl-dag.o)
                0x0020e458                rpl_alloc_dag
 .text.set_ip_from_prefix
                0x0020e4a8       0x2c contiki-cc2538dk.a(rpl-dag.o)
 .text.check_prefix
                0x0020e4d4       0x58 contiki-cc2538dk.a(rpl-dag.o)
 .text.rpl_set_prefix
                0x0020e52c       0x70 contiki-cc2538dk.a(rpl-dag.o)
                0x0020e52c                rpl_set_prefix
 .text.rpl_set_default_route
                0x0020e59c       0x40 contiki-cc2538dk.a(rpl-dag.o)
                0x0020e59c                rpl_set_default_route
 .text.rpl_nullify_parent
                0x0020e5dc       0x44 contiki-cc2538dk.a(rpl-dag.o)
                0x0020e5dc                rpl_nullify_parent
 .text.rpl_local_repair
                0x0020e620       0x58 contiki-cc2538dk.a(rpl-dag.o)
                0x0020e620                rpl_local_repair
 .text.rpl_remove_parent
                0x0020e678       0x18 contiki-cc2538dk.a(rpl-dag.o)
                0x0020e678                rpl_remove_parent
 .text.remove_parents
                0x0020e690       0x34 contiki-cc2538dk.a(rpl-dag.o)
 .text.nbr_callback
                0x0020e6c4        0x8 contiki-cc2538dk.a(rpl-dag.o)
 .text.rpl_free_dag
                0x0020e6cc       0x34 contiki-cc2538dk.a(rpl-dag.o)
                0x0020e6cc                rpl_free_dag
 .text.rpl_set_root
                0x0020e700      0x140 contiki-cc2538dk.a(rpl-dag.o)
                0x0020e700                rpl_set_root
 .text.rpl_add_parent
                0x0020e840       0x34 contiki-cc2538dk.a(rpl-dag.o)
                0x0020e840                rpl_add_parent
 .text.rpl_join_instance
                0x0020e874      0x114 contiki-cc2538dk.a(rpl-dag.o)
                0x0020e874                rpl_join_instance
 .text.rpl_get_parent_ipaddr
                0x0020e988       0x14 contiki-cc2538dk.a(rpl-dag.o)
                0x0020e988                rpl_get_parent_ipaddr
 .text.rpl_move_parent
                0x0020e99c       0x48 contiki-cc2538dk.a(rpl-dag.o)
                0x0020e99c                rpl_move_parent
 .text.rpl_select_dag
                0x0020e9e4      0x144 contiki-cc2538dk.a(rpl-dag.o)
                0x0020e9e4                rpl_select_dag
 .text.rpl_process_parent_event
                0x0020eb28       0x3c contiki-cc2538dk.a(rpl-dag.o)
                0x0020eb28                rpl_process_parent_event
 .text.rpl_recalculate_ranks
                0x0020eb64       0x80 contiki-cc2538dk.a(rpl-dag.o)
                0x0020eb64                rpl_recalculate_ranks
 .text.rpl_add_dag
                0x0020ebe4      0x118 contiki-cc2538dk.a(rpl-dag.o)
                0x0020ebe4                rpl_add_dag
 .text.rpl_process_dio
                0x0020ecfc      0x2a8 contiki-cc2538dk.a(rpl-dag.o)
                0x0020ecfc                rpl_process_dio
 .text.rpl_dag_init
                0x0020efa4       0x14 contiki-cc2538dk.a(rpl-dag.o)
                0x0020efa4                rpl_dag_init
 .text.rpl_invert_header
                0x0020efb8       0x78 contiki-cc2538dk.a(rpl-ext-header.)
                0x0020efb8                rpl_invert_header
 .text.rpl_remove_header
                0x0020f030       0x60 contiki-cc2538dk.a(rpl-ext-header.)
                0x0020f030                rpl_remove_header
 .text.rpl_update_header_final
                0x0020f090       0x90 contiki-cc2538dk.a(rpl-ext-header.)
                0x0020f090                rpl_update_header_final
 .text.rpl_update_header_empty
                0x0020f120      0x168 contiki-cc2538dk.a(rpl-ext-header.)
                0x0020f120                rpl_update_header_empty
 .text.rpl_insert_header
                0x0020f288       0x20 contiki-cc2538dk.a(rpl-ext-header.)
                0x0020f288                rpl_insert_header
 .text.rpl_verify_header
                0x0020f2a8       0xa8 contiki-cc2538dk.a(rpl-ext-header.)
                0x0020f2a8                rpl_verify_header
 .text.get32    0x0020f350       0x1c contiki-cc2538dk.a(rpl-icmp6.o)
 .text.set32    0x0020f36c       0x18 contiki-cc2538dk.a(rpl-icmp6.o)
 .text.get16    0x0020f384        0xc contiki-cc2538dk.a(rpl-icmp6.o)
 .text.set16    0x0020f390        0xc contiki-cc2538dk.a(rpl-icmp6.o)
 .text.dao_ack_input
                0x0020f39c       0x10 contiki-cc2538dk.a(rpl-icmp6.o)
 .text.rpl_icmp6_register_handlers
                0x0020f3ac       0x2c contiki-cc2538dk.a(rpl-icmp6.o)
                0x0020f3ac                rpl_icmp6_register_handlers
 .text.dao_ack_output
                0x0020f3d8       0x30 contiki-cc2538dk.a(rpl-icmp6.o)
                0x0020f3d8                dao_ack_output
 .text.dio_output
                0x0020f408      0x20c contiki-cc2538dk.a(rpl-icmp6.o)
                0x0020f408                dio_output
 .text.dis_output
                0x0020f614       0x58 contiki-cc2538dk.a(rpl-icmp6.o)
                0x0020f614                dis_output
 .text.dao_input
                0x0020f66c      0x244 contiki-cc2538dk.a(rpl-icmp6.o)
 .text.dio_input
                0x0020f8b0      0x25c contiki-cc2538dk.a(rpl-icmp6.o)
 .text.dis_input
                0x0020fb0c       0x4c contiki-cc2538dk.a(rpl-icmp6.o)
 .text.dao_output_target
                0x0020fb58       0xc4 contiki-cc2538dk.a(rpl-icmp6.o)
                0x0020fb58                dao_output_target
 .text.dao_output
                0x0020fc1c       0x50 contiki-cc2538dk.a(rpl-icmp6.o)
                0x0020fc1c                dao_output
 .text.calculate_path_metric
                0x0020fc6c       0x14 contiki-cc2538dk.a(rpl-mrhof.o)
 .text.reset    0x0020fc80        0x4 contiki-cc2538dk.a(rpl-mrhof.o)
 .text.neighbor_link_callback
                0x0020fc84       0x3c contiki-cc2538dk.a(rpl-mrhof.o)
 .text.calculate_rank
                0x0020fcc0       0x28 contiki-cc2538dk.a(rpl-mrhof.o)
 .text.best_dag
                0x0020fce8       0x24 contiki-cc2538dk.a(rpl-mrhof.o)
 .text.best_parent
                0x0020fd0c       0x40 contiki-cc2538dk.a(rpl-mrhof.o)
 .text.update_metric_container
                0x0020fd4c        0x8 contiki-cc2538dk.a(rpl-mrhof.o)
 .text.set_dao_lifetime_timer
                0x0020fd54       0x38 contiki-cc2538dk.a(rpl-timers.o)
 .text.schedule_dao
                0x0020fd8c       0x50 contiki-cc2538dk.a(rpl-timers.o)
 .text.rpl_schedule_dao
                0x0020fddc        0xc contiki-cc2538dk.a(rpl-timers.o)
                0x0020fddc                rpl_schedule_dao
 .text.new_dio_interval
                0x0020fde8       0x58 contiki-cc2538dk.a(rpl-timers.o)
 .text.rpl_reset_dio_timer
                0x0020fe40       0x20 contiki-cc2538dk.a(rpl-timers.o)
                0x0020fe40                rpl_reset_dio_timer
 .text.rpl_reset_periodic_timer
                0x0020fe60       0x34 contiki-cc2538dk.a(rpl-timers.o)
                0x0020fe60                rpl_reset_periodic_timer
 .text.handle_dao_timer
                0x0020fe94       0x54 contiki-cc2538dk.a(rpl-timers.o)
 .text.handle_dio_timer
                0x0020fee8       0x7c contiki-cc2538dk.a(rpl-timers.o)
 .text.handle_periodic_timer
                0x0020ff64       0x38 contiki-cc2538dk.a(rpl-timers.o)
 .text.on       0x0020ff9c       0x28 contiki-cc2538dk.a(contikimac.o)
 .text.off      0x0020ffc4       0x30 contiki-cc2538dk.a(contikimac.o)
 .text.powercycle_turn_radio_off
                0x0020fff4       0x1c contiki-cc2538dk.a(contikimac.o)
 .text.recv_burst_off
                0x00210010       0x14 contiki-cc2538dk.a(contikimac.o)
 .text.turn_off
                0x00210024       0x34 contiki-cc2538dk.a(contikimac.o)
 .text.duty_cycle
                0x00210058        0x4 contiki-cc2538dk.a(contikimac.o)
 .text.turn_on  0x0021005c       0x3c contiki-cc2538dk.a(contikimac.o)
 .text.schedule_powercycle_fixed
                0x00210098       0x38 contiki-cc2538dk.a(contikimac.o)
 .text.powercycle
                0x002100d0      0x208 contiki-cc2538dk.a(contikimac.o)
 .text.init     0x002102d8       0x3c contiki-cc2538dk.a(contikimac.o)
 .text.input_packet
                0x00210314       0x9c contiki-cc2538dk.a(contikimac.o)
 .text.send_packet
                0x002103b0      0x218 contiki-cc2538dk.a(contikimac.o)
 .text.qsend_list
                0x002105c8       0x74 contiki-cc2538dk.a(contikimac.o)
 .text.qsend_packet
                0x0021063c       0x20 contiki-cc2538dk.a(contikimac.o)
 .text.show_leds
                0x0021065c       0x1c contiki-cc2538dk.a(leds.o)
 .text.leds_off
                0x00210678       0x1c contiki-cc2538dk.a(leds.o)
                0x00210678                leds_off
 .text.leds_on  0x00210694       0x1c contiki-cc2538dk.a(leds.o)
                0x00210694                leds_on
 .text.leds_init
                0x002106b0       0x1c contiki-cc2538dk.a(leds.o)
                0x002106b0                leds_init
 .text.leds_arch_init
                0x002106cc       0x10 contiki-cc2538dk.a(leds-arch.o)
                0x002106cc                leds_arch_init
 .text.leds_arch_set
                0x002106dc        0xc contiki-cc2538dk.a(leds-arch.o)
                0x002106dc                leds_arch_set
 .text.addr_len
                0x002106e8       0x10 contiki-cc2538dk.a(frame802154.o)
 .text.frame802154_parse
                0x002106f8      0x12c contiki-cc2538dk.a(frame802154.o)
                0x002106f8                frame802154_parse
 .text.field_len
                0x00210824       0x68 contiki-cc2538dk.a(frame802154.o)
 .text.frame802154_create
                0x0021088c      0x100 contiki-cc2538dk.a(frame802154.o)
                0x0021088c                frame802154_create
 .text.frame802154_hdrlen
                0x0021098c       0x2c contiki-cc2538dk.a(frame802154.o)
                0x0021098c                frame802154_hdrlen
 .text.mac_sequence_is_duplicate
                0x002109b8       0x38 contiki-cc2538dk.a(mac-sequence.o)
                0x002109b8                mac_sequence_is_duplicate
 .text.mac_sequence_register_seqno
                0x002109f0       0x64 contiki-cc2538dk.a(mac-sequence.o)
                0x002109f0                mac_sequence_register_seqno
 .text          0x00210a54       0x2c /home/user/CodeSourcery/Sourcery_G++_Lite/bin/../lib/gcc/arm-none-eabi/4.3.2/thumb2/libgcc.a(_aeabi_uldivmod.o)
                0x00210a54                __aeabi_uldivmod
 .text          0x00210a80       0x60 /home/user/CodeSourcery/Sourcery_G++_Lite/bin/../lib/gcc/arm-none-eabi/4.3.2/thumb2/libgcc.a(bpabi.o)
                0x00210a80                __gnu_uldivmod_helper
                0x00210ab0                __gnu_ldivmod_helper
 .text          0x00210ae0        0x4 /home/user/CodeSourcery/Sourcery_G++_Lite/bin/../lib/gcc/arm-none-eabi/4.3.2/thumb2/libgcc.a(_dvmd_tls.o)
                0x00210ae0                __aeabi_ldiv0
                0x00210ae0                __aeabi_idiv0
 .text          0x00210ae4      0x424 /home/user/CodeSourcery/Sourcery_G++_Lite/bin/../lib/gcc/arm-none-eabi/4.3.2/thumb2/libgcc.a(_divdi3.o)
                0x00210ae4                __divdi3
 .text          0x00210f08      0x3e4 /home/user/CodeSourcery/Sourcery_G++_Lite/bin/../lib/gcc/arm-none-eabi/4.3.2/thumb2/libgcc.a(_udivdi3.o)
                0x00210f08                __udivdi3
 .text          0x002112ec       0x8c /home/user/CodeSourcery/Sourcery_G++_Lite/bin/../lib/gcc/arm-none-eabi/4.3.2/thumb2/libgcc.a(_udivsi3.o)
                0x002112ec                __udivsi3
                0x002112ec                __aeabi_uidiv
                0x00211364                __aeabi_uidivmod
 .text          0x00211378       0x18 /home/user/CodeSourcery/Sourcery_G++_Lite/bin/../lib/gcc/arm-none-eabi/4.3.2/../../../../arm-none-eabi/lib/thumb2/libc.a(lib_a-atoi.o)
                0x00211378                _atoi_r
                0x00211384                atoi
 .text          0x00211390        0x8 /home/user/CodeSourcery/Sourcery_G++_Lite/bin/../lib/gcc/arm-none-eabi/4.3.2/../../../../arm-none-eabi/lib/thumb2/libc.a(lib_a-index.o)
                0x00211390                index
 .text          0x00211398       0x80 /home/user/CodeSourcery/Sourcery_G++_Lite/bin/../lib/gcc/arm-none-eabi/4.3.2/../../../../arm-none-eabi/lib/thumb2/libc.a(lib_a-memchr.o)
                0x00211398                memchr
 .text          0x00211418       0x60 /home/user/CodeSourcery/Sourcery_G++_Lite/bin/../lib/gcc/arm-none-eabi/4.3.2/../../../../arm-none-eabi/lib/thumb2/libc.a(lib_a-memcmp.o)
                0x00211418                memcmp
 .text          0x00211478       0x98 /home/user/CodeSourcery/Sourcery_G++_Lite/bin/../lib/gcc/arm-none-eabi/4.3.2/../../../../arm-none-eabi/lib/thumb2/libc.a(lib_a-memcpy.o)
                0x00211478                memcpy
 .text          0x00211510       0xc0 /home/user/CodeSourcery/Sourcery_G++_Lite/bin/../lib/gcc/arm-none-eabi/4.3.2/../../../../arm-none-eabi/lib/thumb2/libc.a(lib_a-memmove.o)
                0x00211510                memmove
 .text          0x002115d0       0x88 /home/user/CodeSourcery/Sourcery_G++_Lite/bin/../lib/gcc/arm-none-eabi/4.3.2/../../../../arm-none-eabi/lib/thumb2/libc.a(lib_a-memset.o)
                0x002115d0                memset
 .text          0x00211658       0x68 /home/user/CodeSourcery/Sourcery_G++_Lite/bin/../lib/gcc/arm-none-eabi/4.3.2/../../../../arm-none-eabi/lib/thumb2/libc.a(lib_a-strchr.o)
                0x00211658                strchr
 .text          0x002116c0       0x50 /home/user/CodeSourcery/Sourcery_G++_Lite/bin/../lib/gcc/arm-none-eabi/4.3.2/../../../../arm-none-eabi/lib/thumb2/libc.a(lib_a-strcmp.o)
                0x002116c0                strcmp
 .text          0x00211710       0x44 /home/user/CodeSourcery/Sourcery_G++_Lite/bin/../lib/gcc/arm-none-eabi/4.3.2/../../../../arm-none-eabi/lib/thumb2/libc.a(lib_a-strcpy.o)
                0x00211710                strcpy
 .text          0x00211754       0x34 /home/user/CodeSourcery/Sourcery_G++_Lite/bin/../lib/gcc/arm-none-eabi/4.3.2/../../../../arm-none-eabi/lib/thumb2/libc.a(lib_a-strlen.o)
                0x00211754                strlen
 .text          0x00211788       0x88 /home/user/CodeSourcery/Sourcery_G++_Lite/bin/../lib/gcc/arm-none-eabi/4.3.2/../../../../arm-none-eabi/lib/thumb2/libc.a(lib_a-strncmp.o)
                0x00211788                strncmp
 .text          0x00211810       0x84 /home/user/CodeSourcery/Sourcery_G++_Lite/bin/../lib/gcc/arm-none-eabi/4.3.2/../../../../arm-none-eabi/lib/thumb2/libc.a(lib_a-strncpy.o)
                0x00211810                strncpy
 .text          0x00211894      0x570 /home/user/CodeSourcery/Sourcery_G++_Lite/bin/../lib/gcc/arm-none-eabi/4.3.2/../../../../arm-none-eabi/lib/thumb2/libc.a(lib_a-strstr.o)
                0x00211bc4                strstr
 .text          0x00211e04      0x16c /home/user/CodeSourcery/Sourcery_G++_Lite/bin/../lib/gcc/arm-none-eabi/4.3.2/../../../../arm-none-eabi/lib/thumb2/libc.a(lib_a-strtol.o)
                0x00211f54                strtol
                0x00211e04                _strtol_r
 *(SORT(.rodata*))
 .rodata.autostart_processes
                0x00211f70        0x8 cetic-6lbr.co
                0x00211f70                autostart_processes
 .rodata.BOTTOM
                0x00211f78        0x4 obj_cc2538dk/webserver.o
 .rodata.BODY   0x00211f7c        0x4 obj_cc2538dk/webserver.o
 .rodata.TOP    0x00211f80        0x4 obj_cc2538dk/webserver.o
 .rodata.NOT_FOUND
                0x00211f84        0x4 obj_cc2538dk/httpd-simple.o
 .rodata.coap_rest_implementation
                0x00211f88      0x118 contiki-cc2538dk.a(er-coap-13-engi)
                0x00211f88                coap_rest_implementation
 .rodata.button_select_sensor
                0x002120a0       0x10 contiki-cc2538dk.a(button-sensor.o)
                0x002120a0                button_select_sensor
 .rodata.button_up_sensor
                0x002120b0       0x10 contiki-cc2538dk.a(button-sensor.o)
                0x002120b0                button_up_sensor
 .rodata.button_left_sensor
                0x002120c0       0x10 contiki-cc2538dk.a(button-sensor.o)
                0x002120c0                button_left_sensor
 .rodata.button_right_sensor
                0x002120d0       0x10 contiki-cc2538dk.a(button-sensor.o)
                0x002120d0                button_right_sensor
 .rodata.button_down_sensor
                0x002120e0       0x10 contiki-cc2538dk.a(button-sensor.o)
                0x002120e0                button_down_sensor
 .rodata.adc_sensor
                0x002120f0       0x10 contiki-cc2538dk.a(adc-sensor.o)
                0x002120f0                adc_sensor
 .rodata.uart_regs
                0x00212100       0x58 contiki-cc2538dk.a(uart.o)
 .rodata.cc2538_rf_driver
                0x00212158       0x28 contiki-cc2538dk.a(cc2538-rf.o)
                0x00212158                cc2538_rf_driver
 .rodata.packetbuf
                0x00212180        0x4 contiki-cc2538dk.a(packetbuf.o)
 .rodata.sicslowpan_driver
                0x00212184        0xc contiki-cc2538dk.a(sicslowpan.o)
                0x00212184                sicslowpan_driver
 .rodata.csma_driver
                0x00212190       0x1c contiki-cc2538dk.a(csma.o)
                0x00212190                csma_driver
 .rodata.framer_802154
                0x002121ac        0x8 contiki-cc2538dk.a(framer-802154.o)
                0x002121ac                framer_802154
 .rodata.contikimac_driver
                0x002121b4       0x20 contiki-cc2538dk.a(contikimac.o)
                0x002121b4                contikimac_driver
 .rodata.str1.4
                0x002121d4        0x4 /home/user/CodeSourcery/Sourcery_G++_Lite/bin/../lib/gcc/arm-none-eabi/4.3.2/../../../../arm-none-eabi/lib/thumb2/libc.a(lib_a-impure.o)
 .rodata.str1.1
                0x002121d8      0x129 cetic-6lbr.co
 .rodata.str1.1
                0x00212301     0x21b0 obj_cc2538dk/webserver.o
                               0x2202 (size before relaxing)
 .rodata.http_header_404
                0x002144b1       0x5d obj_cc2538dk/httpd-simple.o
                0x002144b1                http_header_404
 .rodata.http_header_200
                0x0021450e       0x56 obj_cc2538dk/httpd-simple.o
                0x0021450e                http_header_200
 .rodata.str1.1
                0x00214564       0x82 obj_cc2538dk/httpd-simple.o
 .rodata.http_content_type_html
                0x002145e6       0x1c obj_cc2538dk/httpd-simple.o
                0x002145e6                http_content_type_html
 .rodata.http_get
                0x00214602        0x5 obj_cc2538dk/httpd-simple.o
                0x00214602                http_get
 .rodata.str1.1
                0x00214607       0x4f obj_cc2538dk/udp-server.o
 .rodata.str1.1
                0x00214656       0x45 obj_cc2538dk/udp-client.o
                                 0x4a (size before relaxing)
 .rodata.str1.1
                0x0021469b        0xc obj_cc2538dk/coap-server.o
 .rodata.str1.1
                0x002146a7       0x3e obj_cc2538dk/log-6lbr.o
 .rodata.str1.1
                0x002146e5       0x9a obj_cc2538dk/rio.o
 .rodata.str1.1
                0x0021477f      0x10b obj_cc2538dk/packet-filter.o
 .rodata.str1.1
                0x0021488a       0x5a obj_cc2538dk/sicslow-ethernet.o
 .rodata.str1.1
                0x002148e4       0xab obj_cc2538dk/nvm-config.o
 .rodata.str1.1
                0x0021498f       0x20 obj_cc2538dk/cc2538dk-init.o
 .rodata.str1.1
                0x002149af       0x8c obj_cc2538dk/cc2538dk-nvm.o
                                 0xa5 (size before relaxing)
 .rodata.str1.1
                0x00214a3b       0x2d obj_cc2538dk/enc28j60.o
 .rodata.str1.1
                0x00214a68       0x44 obj_cc2538dk/enc28j60-drv.o
 .rodata.str1.1
                0x00214aac       0x89 contiki-cc2538dk.a(er-coap-13.o)
                                 0x8a (size before relaxing)
 .rodata.str1.1
                0x00214b35       0x73 contiki-cc2538dk.a(er-coap-13-engi)
                                 0x76 (size before relaxing)
 .rodata.str1.1
                0x00214ba8       0x1d contiki-cc2538dk.a(er-coap-13-obse)
 .rodata.str1.1
                0x00214bc5        0xd contiki-cc2538dk.a(erbium.o)
 .rodata.str1.1
                0x00214bd2       0x78 contiki-cc2538dk.a(contiki-main.o)
                                 0x80 (size before relaxing)
 .rodata.str1.1
                0x00000000        0x8 contiki-cc2538dk.a(sensors.o)
 .rodata.str1.1
                0x00214c4a        0x7 contiki-cc2538dk.a(button-sensor.o)
 .rodata.str1.1
                0x00214c51        0x4 contiki-cc2538dk.a(adc-sensor.o)
 .rodata.str1.1
                0x00214c55       0x11 contiki-cc2538dk.a(cc2538-rf.o)
 .rodata.buffer.1352
                0x00214c66       0x10 contiki-cc2538dk.a(strformat.o)
 .rodata.str1.1
                0x00214c76       0x2c contiki-cc2538dk.a(strformat.o)
                                 0x37 (size before relaxing)
 .rodata.buffer.1366
                0x00214ca2       0x10 contiki-cc2538dk.a(strformat.o)
 .rodata.str1.1
                0x00214cb2        0xf contiki-cc2538dk.a(ctimer.o)
 .rodata.str1.1
                0x00214cc1        0xc contiki-cc2538dk.a(etimer.o)
 .rodata.str1.1
                0x00214ccd        0xe contiki-cc2538dk.a(serial-line.o)
 .rodata.linkaddr_null
                0x00214cdb        0x8 contiki-cc2538dk.a(linkaddr.o)
                0x00214cdb                linkaddr_null
 .rodata.ttl_values
                0x00214ce3        0x4 contiki-cc2538dk.a(sicslowpan.o)
 .rodata.unc_llconf
                0x00214ce7        0x4 contiki-cc2538dk.a(sicslowpan.o)
                0x00214ce7                unc_llconf
 .rodata.llprefix
                0x00214ceb        0x2 contiki-cc2538dk.a(sicslowpan.o)
                0x00214ceb                llprefix
 .rodata.unc_mxconf
                0x00214ced        0x4 contiki-cc2538dk.a(sicslowpan.o)
                0x00214ced                unc_mxconf
 .rodata.str1.1
                0x00214cf1        0xb contiki-cc2538dk.a(sicslowpan.o)
 .rodata.unc_ctxconf
                0x00214cfc        0x4 contiki-cc2538dk.a(sicslowpan.o)
                0x00214cfc                unc_ctxconf
 .rodata.C.44.4642
                0x00214d00        0x2 contiki-cc2538dk.a(sicslowpan.o)
 .rodata.str1.1
                0x00214d02        0x5 contiki-cc2538dk.a(csma.o)
 .rodata.str1.1
                0x00214d07        0xd contiki-cc2538dk.a(tcpip.o)
 .rodata.str1.1
                0x00214d14        0xf contiki-cc2538dk.a(uip-debug.o)
                                 0x1a (size before relaxing)
 .rodata.str1.1
                0x00214d23        0xb contiki-cc2538dk.a(contikimac.o)
 .rodata        0x00214d2e      0x100 /home/user/CodeSourcery/Sourcery_G++_Lite/bin/../lib/gcc/arm-none-eabi/4.3.2/thumb2/libgcc.a(_clz.o)
                0x00214d2e                __clz_tab
 .rodata        0x00214e2e      0x101 /home/user/CodeSourcery/Sourcery_G++_Lite/bin/../lib/gcc/arm-none-eabi/4.3.2/../../../../arm-none-eabi/lib/thumb2/libc.a(lib_a-ctype_.o)
                0x00214e2e                _ctype_